\BOOKMARK [1][-]{Doc-Start}{\376\377\000A\000c\000k\000n\000o\000w\000l\000e\000d\000g\000e\000m\000e\000n\000t}{}% 1
\BOOKMARK [1][-]{section*.1}{\376\377\000L\000i\000s\000t\000\040\000o\000f\000\040\000T\000a\000b\000l\000e\000s}{}% 2
\BOOKMARK [1][-]{section*.1}{\376\377\000L\000i\000s\000t\000\040\000o\000f\000\040\000F\000i\000g\000u\000r\000e\000s}{}% 3
\BOOKMARK [1][-]{section*.1}{\376\377\000A\000B\000S\000T\000R\000A\000C\000T}{}% 4
\BOOKMARK [1][-]{section*.3}{\376\377\000I\000n\000t\000r\000o\000d\000u\000c\000t\000i\000o\000n}{}% 5
\BOOKMARK [2][-]{section*.5}{\376\377\000B\000a\000c\000k\000g\000r\000o\000u\000n\000d}{section*.3}% 6
\BOOKMARK [2][-]{section*.6}{\376\377\000P\000r\000o\000b\000l\000e\000m\000\040\000S\000t\000a\000t\000e\000m\000e\000n\000t}{section*.3}% 7
\BOOKMARK [2][-]{section*.7}{\376\377\000O\000b\000j\000e\000c\000t\000i\000v\000e\000\040\000o\000f\000\040\000t\000h\000e\000\040\000S\000t\000u\000d\000y}{section*.3}% 8
\BOOKMARK [2][-]{section*.8}{\376\377\000R\000e\000s\000e\000a\000r\000c\000h\000\040\000Q\000u\000e\000s\000t\000i\000o\000n}{section*.3}% 9
\BOOKMARK [2][-]{section*.9}{\376\377\000H\000y\000p\000o\000t\000h\000e\000s\000e\000s}{section*.3}% 10
\BOOKMARK [2][-]{section*.10}{\376\377\000J\000u\000s\000t\000i\000f\000i\000c\000a\000t\000i\000o\000n\000\040\000f\000o\000r\000\040\000t\000h\000e\000\040\000S\000t\000u\000d\000y}{section*.3}% 11
\BOOKMARK [2][-]{section*.11}{\376\377\000S\000i\000g\000n\000i\000f\000i\000c\000a\000n\000c\000e\000\040\000o\000f\000\040\000t\000h\000e\000\040\000S\000t\000u\000d\000y}{section*.3}% 12
\BOOKMARK [2][-]{section*.12}{\376\377\000S\000c\000o\000p\000e\000\040\000o\000f\000\040\000T\000h\000e\000\040\000S\000t\000u\000d\000y}{section*.3}% 13
\BOOKMARK [2][-]{section*.13}{\376\377\000O\000p\000e\000r\000a\000t\000i\000o\000n\000a\000l\000i\000z\000a\000t\000i\000o\000n\000\040\000o\000f\000\040\000t\000h\000e\000\040\000V\000a\000r\000i\000a\000b\000l\000e}{section*.3}% 14
\BOOKMARK [2][-]{section*.14}{\376\377\000O\000p\000e\000r\000a\000t\000i\000o\000n\000\040\000D\000e\000f\000i\000n\000i\000t\000i\000o\000n\000\040\000o\000f\000\040\000T\000e\000r\000m\000s}{section*.3}% 15
\BOOKMARK [1][-]{section*.15}{\376\377\000L\000i\000t\000e\000r\000a\000t\000u\000r\000e\000\040\000R\000e\000v\000i\000e\000w}{}% 16
\BOOKMARK [2][-]{section*.16}{\376\377\000C\000o\000n\000c\000e\000p\000t\000u\000a\000l\000\040\000R\000e\000v\000i\000e\000w}{section*.15}% 17
\BOOKMARK [2][-]{section*.17}{\376\377\000T\000h\000e\000o\000r\000e\000t\000i\000c\000a\000l\000\040\000R\000e\000v\000i\000e\000w}{section*.15}% 18
\BOOKMARK [2][-]{section*.18}{\376\377\000T\000h\000e\000o\000r\000e\000t\000i\000c\000a\000l\000\040\000F\000r\000a\000m\000e\000w\000o\000r\000k}{section*.15}% 19
\BOOKMARK [2][-]{section*.19}{\376\377\000E\000m\000p\000i\000r\000i\000c\000a\000l\000\040\000R\000e\000v\000i\000e\000w}{section*.15}% 20
\BOOKMARK [2][-]{section*.20}{\376\377\000G\000a\000p\000\040\000i\000n\000\040\000L\000i\000t\000e\000r\000a\000t\000u\000r\000e}{section*.15}% 21
\BOOKMARK [2][-]{section*.21}{\376\377\000G\000a\000p\000\040\000a\000n\000a\000l\000y\000s\000i\000s}{section*.15}% 22
\BOOKMARK [2][-]{section*.22}{\376\377\000C\000o\000n\000c\000e\000p\000t\000u\000a\000l\000\040\000F\000r\000a\000m\000e\000w\000o\000r\000k}{section*.15}% 23
\BOOKMARK [1][-]{section*.23}{\376\377\000M\000e\000t\000h\000o\000d\000o\000l\000o\000g\000y}{}% 24
\BOOKMARK [2][-]{section*.24}{\376\377\000R\000e\000s\000e\000a\000r\000c\000h\000\040\000D\000e\000s\000i\000g\000n}{section*.23}% 25
\BOOKMARK [2][-]{section*.25}{\376\377\000P\000o\000p\000u\000l\000a\000t\000i\000o\000n\000\040\000o\000f\000\040\000t\000h\000e\000\040\000S\000t\000u\000d\000y}{section*.23}% 26
\BOOKMARK [2][-]{section*.26}{\376\377\000S\000a\000m\000p\000l\000e\000\040\000S\000i\000z\000e\000\040\000a\000n\000d\000\040\000S\000a\000m\000p\000l\000i\000n\000g\000\040\000T\000e\000c\000h\000n\000i\000q\000u\000e}{section*.23}% 27
\BOOKMARK [2][-]{section*.27}{\376\377\000D\000a\000t\000a\000\040\000C\000o\000l\000l\000e\000c\000t\000i\000o\000n\000\040\000T\000e\000c\000h\000n\000i\000q\000u\000e\000s}{section*.23}% 28
\BOOKMARK [2][-]{section*.28}{\376\377\000I\000n\000s\000t\000r\000u\000m\000e\000n\000t\000\040\000f\000o\000r\000\040\000D\000a\000t\000a\000\040\000C\000o\000l\000l\000e\000c\000t\000i\000o\000n}{section*.23}% 29
\BOOKMARK [2][-]{section*.29}{\376\377\000P\000r\000o\000c\000e\000d\000u\000r\000e\000s\000\040\000f\000o\000r\000\040\000D\000a\000t\000a\000\040\000C\000o\000l\000l\000e\000c\000t\000i\000o\000n}{section*.23}% 30
\BOOKMARK [2][-]{section*.30}{\376\377\000P\000i\000l\000o\000t\000\040\000S\000t\000u\000d\000y}{section*.23}% 31
\BOOKMARK [2][-]{section*.31}{\376\377\000V\000a\000l\000i\000d\000i\000t\000y}{section*.23}% 32
\BOOKMARK [2][-]{section*.32}{\376\377\000R\000e\000l\000i\000a\000b\000i\000l\000i\000t\000y}{section*.23}% 33
\BOOKMARK [2][-]{section*.33}{\376\377\000M\000e\000t\000h\000o\000d\000\040\000o\000f\000\040\000D\000a\000t\000a\000\040\000A\000n\000a\000l\000y\000s\000i\000s}{section*.23}% 34
\BOOKMARK [2][-]{section*.34}{\376\377\000M\000e\000a\000s\000u\000r\000e\000m\000e\000n\000t\000s\000\040\000o\000f\000\040\000t\000h\000e\000\040\000V\000a\000r\000i\000a\000b\000l\000e\000s}{section*.23}% 35
\BOOKMARK [2][-]{section*.35}{\376\377\000M\000o\000d\000e\000l\000\040\000S\000p\000e\000c\000i\000f\000i\000c\000a\000t\000i\000o\000n}{section*.23}% 36
\BOOKMARK [2][-]{section*.36}{\376\377\000A\000-\000\040\000P\000r\000i\000o\000r\000i\000\040\000E\000x\000p\000e\000c\000t\000a\000t\000i\000o\000n}{section*.23}% 37
\BOOKMARK [2][-]{section*.37}{\376\377\000E\000t\000h\000i\000c\000a\000l\000\040\000C\000o\000n\000s\000i\000d\000e\000r\000a\000t\000i\000o\000n\000s}{section*.23}% 38
\BOOKMARK [1][-]{section*.38}{\376\377\000D\000a\000t\000a\000\040\000P\000r\000e\000s\000e\000n\000t\000a\000t\000i\000o\000n\000,\000\040\000A\000n\000a\000l\000y\000s\000i\000s\000,\000\040\000M\000o\000d\000e\000l\000l\000i\000n\000g\000,\000\040\000I\000n\000t\000e\000r\000p\000r\000e\000t\000a\000t\000i\000o\000n\000,\000\040\000a\000n\000d\000\040\000D\000i\000s\000c\000u\000s\000s\000i\000o\000n\000\040\000o\000f\000\040\000F\000i\000n\000d\000i\000n\000g\000s}{}% 39
\BOOKMARK [2][-]{section*.39}{\376\377\000P\000r\000o\000f\000i\000l\000e\000\040\000o\000f\000\040\000t\000h\000e\000\040\000R\000e\000s\000p\000o\000n\000d\000e\000n\000t\000s}{section*.38}% 40
\BOOKMARK [2][-]{section*.40}{\376\377\000A\000n\000a\000l\000y\000s\000i\000s\000\050\000E\000x\000p\000l\000o\000r\000a\000t\000o\000r\000y\000\040\000D\000a\000t\000a\000\040\000A\000n\000a\000l\000y\000s\000i\000s\000,\000\040\000M\000o\000d\000e\000l\000\040\000t\000r\000a\000i\000n\000i\000n\000g\000,\000\040\000M\000o\000d\000e\000l\000\040\000E\000v\000a\000l\000u\000a\000t\000i\000o\000n\000,\000.\000.\000.\000.}{section*.38}% 41
\BOOKMARK [2][-]{section*.41}{\376\377\000T\000e\000s\000t\000i\000n\000g\000\040\000a\000\040\000H\000y\000p\000o\000t\000h\000e\000s\000i\000s\000/\000H\000y\000p\000o\000t\000h\000e\000s\000e\000s\000\040\000\050\000i\000n\000\040\000I\000n\000f\000e\000r\000e\000n\000t\000i\000a\000l\000\040\000S\000t\000a\000t\000i\000s\000t\000i\000c\000s\000\051}{section*.38}% 42
\BOOKMARK [2][-]{section*.42}{\376\377\000D\000i\000s\000c\000u\000s\000s\000i\000o\000n\000\040\000o\000f\000\040\000t\000h\000e\000\040\000F\000i\000n\000d\000i\000n\000g\000s}{section*.38}% 43
\BOOKMARK [2][-]{section*.43}{\376\377\000I\000m\000p\000l\000i\000c\000a\000t\000i\000o\000n\000\040\000o\000f\000\040\000t\000h\000e\000\040\000F\000i\000n\000d\000i\000n\000g\000s}{section*.38}% 44
\BOOKMARK [1][-]{section*.44}{\376\377\000S\000u\000m\000m\000a\000r\000y\000,\000\040\000C\000o\000n\000c\000l\000u\000s\000i\000o\000n\000,\000\040\000a\000n\000d\000\040\000R\000e\000c\000o\000m\000m\000e\000n\000d\000a\000t\000i\000o\000n\000s}{}% 45
\BOOKMARK [2][-]{section*.45}{\376\377\000S\000u\000m\000m\000a\000r\000y\000\040\000o\000f\000\040\000t\000h\000e\000\040\000S\000t\000u\000d\000y}{section*.44}% 46
\BOOKMARK [2][-]{section*.46}{\376\377\000C\000o\000n\000c\000l\000u\000s\000i\000o\000n}{section*.44}% 47
\BOOKMARK [2][-]{section*.47}{\376\377\000R\000e\000c\000o\000m\000m\000e\000n\000d\000a\000t\000i\000o\000n\000s}{section*.44}% 48
\BOOKMARK [2][-]{section*.48}{\376\377\000C\000o\000n\000t\000r\000i\000b\000u\000t\000i\000o\000n\000\040\000t\000o\000\040\000K\000n\000o\000w\000l\000e\000d\000g\000e\000\040\000\050\000c\000o\000n\000c\000e\000p\000t\000u\000a\000l\000\040\000c\000o\000n\000t\000r\000i\000b\000u\000t\000i\000o\000n\000,\000\040\000m\000e\000t\000h\000o\000d\000o\000l\000o\000g\000i\000c\000a\000l\000\040\000c\000o\000n\000t\000r\000i\000b\000u\000t\000i\000o\000n\000,\000\040\000e\000m\000p\000i\000r\000i\000c\000a\000l\000\040\000c\000o\000n\000t\000r\000i\000b\000u\000t\000i\000o\000n\000,\000\040\000t\000h\000e\000o\000r\000e\000t\000i\000c\000a\000l\000\040\000c\000o\000n\000t\000r\000i\000b\000u\000t\000i\000o\000n\000\051}{section*.44}% 49
\BOOKMARK [2][-]{section*.49}{\376\377\000L\000i\000m\000i\000t\000a\000t\000i\000o\000n\000s\000\040\000o\000f\000\040\000t\000h\000e\000\040\000M\000e\000t\000h\000o\000d\000o\000l\000o\000g\000y}{section*.44}% 50
\BOOKMARK [2][-]{section*.50}{\376\377\000S\000u\000g\000g\000e\000s\000t\000i\000o\000n\000s\000\040\000f\000o\000r\000\040\000F\000u\000r\000t\000h\000e\000r\000\040\000S\000t\000u\000d\000i\000e\000s}{section*.44}% 51
\BOOKMARK [1][-]{section*.50}{\376\377\000A\000P\000P\000E\000N\000D\000I\000C\000E\000S}{}% 52
\BOOKMARK [1][-]{section*.53}{\376\377\000R\000e\000f\000e\000r\000e\000n\000c\000e\000s}{}% 53
