\BOOKMARK [1][-]{section*.2}{\376\377\000L\000i\000s\000t\000\040\000o\000f\000\040\000T\000a\000b\000l\000e\000s}{}% 1
\BOOKMARK [1][-]{section*.3}{\376\377\000L\000i\000s\000t\000\040\000o\000f\000\040\000F\000i\000g\000u\000r\000e\000s}{}% 2
\BOOKMARK [1][-]{section*.5}{\376\377\000I\000n\000t\000r\000o\000d\000u\000c\000t\000i\000o\000n}{}% 3
\BOOKMARK [2][-]{section*.6}{\376\377\000B\000a\000c\000k\000g\000r\000o\000u\000n\000d\000\040\000o\000f\000\040\000t\000h\000e\000\040\000S\000t\000u\000d\000y}{section*.5}% 4
\BOOKMARK [2][-]{section*.7}{\376\377\000P\000r\000o\000b\000l\000e\000m\000\040\000S\000t\000a\000t\000e\000m\000e\000n\000t}{section*.5}% 5
\BOOKMARK [2][-]{section*.8}{\376\377\000O\000b\000j\000e\000c\000t\000i\000v\000e\000\040\000o\000f\000\040\000t\000h\000e\000\040\000S\000t\000u\000d\000y}{section*.5}% 6
\BOOKMARK [2][-]{section*.9}{\376\377\000R\000e\000s\000e\000a\000r\000c\000h\000\040\000Q\000u\000e\000s\000t\000i\000o\000n\000s}{section*.5}% 7
\BOOKMARK [2][-]{section*.10}{\376\377\000H\000y\000p\000o\000t\000h\000e\000s\000e\000s}{section*.5}% 8
\BOOKMARK [2][-]{section*.11}{\376\377\000S\000i\000g\000n\000i\000f\000i\000c\000a\000n\000c\000e\000\040\000o\000f\000\040\000t\000h\000e\000\040\000S\000t\000u\000d\000y}{section*.5}% 9
\BOOKMARK [3][-]{section*.12}{\376\377\000I\000m\000p\000a\000c\000t\000\040\000o\000n\000\040\000S\000t\000u\000d\000e\000n\000t\000s\000\040\000a\000n\000d\000\040\000P\000a\000r\000e\000n\000t\000s}{section*.11}% 10
\BOOKMARK [3][-]{section*.13}{\376\377\000I\000m\000p\000a\000c\000t\000\040\000o\000n\000\040\000E\000d\000u\000c\000a\000t\000i\000o\000n\000a\000l\000\040\000I\000n\000s\000t\000i\000t\000u\000t\000i\000o\000n\000s\000\040\000a\000n\000d\000\040\000C\000o\000u\000n\000s\000e\000l\000o\000r\000s}{section*.11}% 11
\BOOKMARK [3][-]{section*.14}{\376\377\000I\000m\000p\000a\000c\000t\000\040\000o\000n\000\040\000N\000a\000t\000i\000o\000n\000a\000l\000\040\000H\000e\000a\000l\000t\000h\000c\000a\000r\000e\000\040\000I\000n\000f\000r\000a\000s\000t\000r\000u\000c\000t\000u\000r\000e\000\040\000a\000n\000d\000\040\000P\000o\000l\000i\000c\000y}{section*.11}% 12
\BOOKMARK [2][-]{section*.15}{\376\377\000S\000c\000o\000p\000e\000\040\000o\000f\000\040\000t\000h\000e\000\040\000S\000t\000u\000d\000y}{section*.5}% 13
\BOOKMARK [2][-]{section*.16}{\376\377\000L\000i\000m\000i\000t\000a\000t\000i\000o\000n\000s\000\040\000a\000n\000d\000\040\000A\000s\000s\000u\000m\000p\000t\000i\000o\000n\000s\000\040\000o\000f\000\040\000t\000h\000e\000\040\000S\000t\000u\000d\000y}{section*.5}% 14
\BOOKMARK [3][-]{section*.17}{\376\377\000A\000s\000s\000u\000m\000p\000t\000i\000o\000n\000s}{section*.16}% 15
\BOOKMARK [3][-]{section*.18}{\376\377\000L\000i\000m\000i\000t\000a\000t\000i\000o\000n\000s}{section*.16}% 16
\BOOKMARK [2][-]{section*.19}{\376\377\000O\000p\000e\000r\000a\000t\000i\000o\000n\000a\000l\000\040\000D\000e\000f\000i\000n\000i\000t\000i\000o\000n\000\040\000o\000f\000\040\000T\000e\000r\000m\000s}{section*.5}% 17
\BOOKMARK [1][-]{section*.20}{\376\377\000L\000i\000t\000e\000r\000a\000t\000u\000r\000e\000\040\000R\000e\000v\000i\000e\000w}{}% 18
\BOOKMARK [2][-]{section*.21}{\376\377\000T\000h\000e\000o\000r\000e\000t\000i\000c\000a\000l\000\040\000F\000r\000a\000m\000e\000w\000o\000r\000k\000:\000\040\000F\000r\000o\000m\000\040\000A\000c\000a\000d\000e\000m\000i\000c\000\040\000P\000e\000r\000f\000o\000r\000m\000a\000n\000c\000e\000\040\000t\000o\000\040\000C\000a\000r\000e\000e\000r\000\040\000P\000a\000t\000h\000w\000a\000y}{section*.20}% 19
\BOOKMARK [2][-]{section*.22}{\376\377\000C\000h\000r\000o\000n\000o\000l\000o\000g\000i\000c\000a\000l\000\040\000E\000v\000o\000l\000u\000t\000i\000o\000n\000\040\000o\000f\000\040\000E\000d\000u\000c\000a\000t\000i\000o\000n\000a\000l\000\040\000G\000u\000i\000d\000a\000n\000c\000e\000\040\000S\000y\000s\000t\000e\000m\000s}{section*.20}% 20
\BOOKMARK [2][-]{section*.23}{\376\377\000M\000a\000c\000h\000i\000n\000e\000\040\000L\000e\000a\000r\000n\000i\000n\000g\000\040\000i\000n\000\040\000E\000d\000u\000c\000a\000t\000i\000o\000n\000a\000l\000\040\000D\000a\000t\000a\000\040\000M\000i\000n\000i\000n\000g}{section*.20}% 21
\BOOKMARK [2][-]{section*.24}{\376\377\000S\000i\000n\000g\000l\000e\000-\000L\000a\000b\000e\000l\000\040\000v\000s\000.\000\040\000M\000u\000l\000t\000i\000-\000L\000a\000b\000e\000l\000\040\000t\000s\000o\000u\000m\000a\000k\000a\000s\0002\0000\0000\0007\000m\000u\000l\000t\000i\000\040\000C\000l\000a\000s\000s\000i\000f\000i\000c\000a\000t\000i\000o\000n}{section*.20}% 22
\BOOKMARK [3][-]{section*.25}{\376\377\000B\000i\000n\000a\000r\000y\000\040\000R\000e\000l\000e\000v\000a\000n\000c\000e\000\040\000a\000n\000d\000\040\000t\000h\000e\000\040\000I\000n\000d\000e\000p\000e\000n\000d\000e\000n\000c\000e\000\040\000A\000s\000s\000u\000m\000p\000t\000i\000o\000n}{section*.24}% 23
\BOOKMARK [3][-]{section*.26}{\376\377\000C\000l\000a\000s\000s\000i\000f\000i\000e\000r\000\040\000C\000h\000a\000i\000n\000s\000\040\000f\000o\000r\000\040\000L\000a\000b\000e\000l\000\040\000C\000o\000r\000r\000e\000l\000a\000t\000i\000o\000n}{section*.24}% 24
\BOOKMARK [2][-]{section*.27}{\376\377\000R\000e\000v\000i\000e\000w\000\040\000o\000f\000\040\000S\000e\000l\000e\000c\000t\000e\000d\000\040\000B\000a\000s\000e\000\040\000A\000l\000g\000o\000r\000i\000t\000h\000m\000s}{section*.20}% 25
\BOOKMARK [3][-]{section*.28}{\376\377\000D\000e\000c\000i\000s\000i\000o\000n\000\040\000T\000r\000e\000e\000s\000\040\000\050\000D\000T\000\051}{section*.27}% 26
\BOOKMARK [3][-]{section*.29}{\376\377\000R\000a\000n\000d\000o\000m\000\040\000F\000o\000r\000e\000s\000t\000\040\000\050\000R\000F\000\051}{section*.27}% 27
\BOOKMARK [3][-]{section*.30}{\376\377\000X\000G\000B\000o\000o\000s\000t\000\040\000\050\000E\000x\000t\000r\000e\000m\000e\000\040\000G\000r\000a\000d\000i\000e\000n\000t\000\040\000B\000o\000o\000s\000t\000i\000n\000g\000\051}{section*.27}% 28
\BOOKMARK [3][-]{section*.31}{\376\377\000M\000u\000l\000t\000i\000-\000L\000a\000y\000e\000r\000\040\000P\000e\000r\000c\000e\000p\000t\000r\000o\000n\000\040\000\050\000M\000L\000P\000\051}{section*.27}% 29
\BOOKMARK [3][-]{section*.32}{\376\377\000L\000i\000m\000i\000t\000a\000t\000i\000o\000n\000s\000\040\000o\000f\000\040\000T\000r\000a\000d\000i\000t\000i\000o\000n\000a\000l\000\040\000A\000l\000g\000o\000r\000i\000t\000h\000m\000s\000\040\000\050\000S\000V\000M\000\040\000a\000n\000d\000\040\000N\000a\000i\000v\000e\000\040\000B\000a\000y\000e\000s\000\051}{section*.27}% 30
\BOOKMARK [2][-]{section*.33}{\376\377\000E\000x\000p\000l\000a\000i\000n\000a\000b\000l\000e\000\040\000A\000I\000\040\000\050\000X\000A\000I\000\051\000\040\000a\000n\000d\000\040\000C\000o\000u\000n\000t\000e\000r\000f\000a\000c\000t\000u\000a\000l\000s}{section*.20}% 31
\BOOKMARK [2][-]{section*.34}{\376\377\000E\000t\000h\000i\000c\000a\000l\000\040\000A\000I\000\040\000a\000n\000d\000\040\000A\000l\000g\000o\000r\000i\000t\000h\000m\000i\000c\000\040\000F\000a\000i\000r\000n\000e\000s\000s\000\040\000i\000n\000\040\000E\000d\000u\000c\000a\000t\000i\000o\000n}{section*.20}% 32
\BOOKMARK [2][-]{section*.35}{\376\377\000R\000e\000s\000e\000a\000r\000c\000h\000\040\000G\000a\000p}{section*.20}% 33
\BOOKMARK [2][-]{section*.36}{\376\377\000D\000e\000e\000p\000\040\000M\000a\000t\000h\000e\000m\000a\000t\000i\000c\000a\000l\000\040\000F\000o\000u\000n\000d\000a\000t\000i\000o\000n\000s\000\040\000o\000f\000\040\000T\000r\000e\000e\000-\000B\000a\000s\000e\000d\000\040\000E\000n\000s\000e\000m\000b\000l\000e\000s}{section*.20}% 34
\BOOKMARK [3][-]{section*.37}{\376\377\000I\000n\000f\000o\000r\000m\000a\000t\000i\000o\000n\000\040\000T\000h\000e\000o\000r\000y\000\040\000a\000n\000d\000\040\000S\000h\000a\000n\000n\000o\000n\000\040\000E\000n\000t\000r\000o\000p\000y}{section*.36}% 35
\BOOKMARK [3][-]{section*.38}{\376\377\000G\000i\000n\000i\000\040\000I\000m\000p\000u\000r\000i\000t\000y\000\040\000v\000s\000.\000\040\000E\000n\000t\000r\000o\000p\000y}{section*.36}% 36
\BOOKMARK [3][-]{section*.39}{\376\377\000G\000r\000a\000d\000i\000e\000n\000t\000\040\000B\000o\000o\000s\000t\000i\000n\000g\000\040\000O\000p\000t\000i\000m\000i\000z\000a\000t\000i\000o\000n\000\040\000a\000n\000d\000\040\000N\000e\000w\000t\000o\000n\000-\000R\000a\000p\000h\000s\000o\000n\000\040\000S\000t\000e\000p}{section*.36}% 37
\BOOKMARK [2][-]{section*.40}{\376\377\000E\000x\000p\000l\000a\000i\000n\000a\000b\000l\000e\000\040\000A\000I\000\040\000\050\000X\000A\000I\000\051\000:\000\040\000F\000r\000o\000m\000\040\000L\000I\000M\000E\000\040\000l\000u\000n\000d\000b\000e\000r\000g\0002\0000\0001\0007\000u\000n\000i\000f\000i\000e\000d\000\040\000t\000o\000\040\000C\000o\000u\000n\000t\000e\000r\000f\000a\000c\000t\000u\000a\000l\000s}{section*.20}% 38
\BOOKMARK [3][-]{section*.41}{\376\377\000L\000o\000c\000a\000l\000\040\000I\000n\000t\000e\000r\000p\000r\000e\000t\000a\000b\000l\000e\000\040\000M\000o\000d\000e\000l\000-\000a\000g\000n\000o\000s\000t\000i\000c\000\040\000E\000x\000p\000l\000a\000n\000a\000t\000i\000o\000n\000s\000\040\000\050\000L\000I\000M\000E\000\051}{section*.40}% 39
\BOOKMARK [3][-]{section*.42}{\376\377\000C\000o\000u\000n\000t\000e\000r\000f\000a\000c\000t\000u\000a\000l\000\040\000O\000p\000t\000i\000m\000i\000z\000a\000t\000i\000o\000n\000\040\000B\000o\000u\000n\000d\000s}{section*.40}% 40
\BOOKMARK [2][-]{section*.43}{\376\377\000D\000e\000e\000p\000\040\000M\000a\000t\000h\000e\000m\000a\000t\000i\000c\000a\000l\000\040\000F\000o\000u\000n\000d\000a\000t\000i\000o\000n\000s\000\040\000o\000f\000\040\000T\000r\000e\000e\000-\000B\000a\000s\000e\000d\000\040\000E\000n\000s\000e\000m\000b\000l\000e\000s}{section*.20}% 41
\BOOKMARK [3][-]{section*.44}{\376\377\000I\000n\000f\000o\000r\000m\000a\000t\000i\000o\000n\000\040\000T\000h\000e\000o\000r\000y\000\040\000a\000n\000d\000\040\000S\000h\000a\000n\000n\000o\000n\000\040\000E\000n\000t\000r\000o\000p\000y}{section*.43}% 42
\BOOKMARK [3][-]{section*.45}{\376\377\000G\000i\000n\000i\000\040\000I\000m\000p\000u\000r\000i\000t\000y\000\040\000v\000s\000.\000\040\000E\000n\000t\000r\000o\000p\000y}{section*.43}% 43
\BOOKMARK [3][-]{section*.46}{\376\377\000G\000r\000a\000d\000i\000e\000n\000t\000\040\000B\000o\000o\000s\000t\000i\000n\000g\000\040\000O\000p\000t\000i\000m\000i\000z\000a\000t\000i\000o\000n\000\040\000a\000n\000d\000\040\000N\000e\000w\000t\000o\000n\000-\000R\000a\000p\000h\000s\000o\000n\000\040\000S\000t\000e\000p}{section*.43}% 44
\BOOKMARK [2][-]{section*.47}{\376\377\000E\000x\000p\000l\000a\000i\000n\000a\000b\000l\000e\000\040\000A\000I\000\040\000\050\000X\000A\000I\000\051\000:\000\040\000F\000r\000o\000m\000\040\000L\000I\000M\000E\000\040\000l\000u\000n\000d\000b\000e\000r\000g\0002\0000\0001\0007\000u\000n\000i\000f\000i\000e\000d\000\040\000t\000o\000\040\000C\000o\000u\000n\000t\000e\000r\000f\000a\000c\000t\000u\000a\000l\000s}{section*.20}% 45
\BOOKMARK [3][-]{section*.48}{\376\377\000L\000o\000c\000a\000l\000\040\000I\000n\000t\000e\000r\000p\000r\000e\000t\000a\000b\000l\000e\000\040\000M\000o\000d\000e\000l\000-\000a\000g\000n\000o\000s\000t\000i\000c\000\040\000E\000x\000p\000l\000a\000n\000a\000t\000i\000o\000n\000s\000\040\000\050\000L\000I\000M\000E\000\051}{section*.47}% 46
\BOOKMARK [3][-]{section*.49}{\376\377\000C\000o\000u\000n\000t\000e\000r\000f\000a\000c\000t\000u\000a\000l\000\040\000O\000p\000t\000i\000m\000i\000z\000a\000t\000i\000o\000n\000\040\000B\000o\000u\000n\000d\000s}{section*.47}% 47
\BOOKMARK [2][-]{section*.50}{\376\377\000D\000e\000e\000p\000\040\000M\000a\000t\000h\000e\000m\000a\000t\000i\000c\000a\000l\000\040\000F\000o\000u\000n\000d\000a\000t\000i\000o\000n\000s\000\040\000o\000f\000\040\000T\000r\000e\000e\000-\000B\000a\000s\000e\000d\000\040\000E\000n\000s\000e\000m\000b\000l\000e\000s}{section*.20}% 48
\BOOKMARK [3][-]{section*.51}{\376\377\000I\000n\000f\000o\000r\000m\000a\000t\000i\000o\000n\000\040\000T\000h\000e\000o\000r\000y\000\040\000a\000n\000d\000\040\000S\000h\000a\000n\000n\000o\000n\000\040\000E\000n\000t\000r\000o\000p\000y}{section*.50}% 49
\BOOKMARK [3][-]{section*.52}{\376\377\000G\000i\000n\000i\000\040\000I\000m\000p\000u\000r\000i\000t\000y\000\040\000v\000s\000.\000\040\000E\000n\000t\000r\000o\000p\000y}{section*.50}% 50
\BOOKMARK [3][-]{section*.53}{\376\377\000G\000r\000a\000d\000i\000e\000n\000t\000\040\000B\000o\000o\000s\000t\000i\000n\000g\000\040\000O\000p\000t\000i\000m\000i\000z\000a\000t\000i\000o\000n\000\040\000a\000n\000d\000\040\000N\000e\000w\000t\000o\000n\000-\000R\000a\000p\000h\000s\000o\000n\000\040\000S\000t\000e\000p}{section*.50}% 51
\BOOKMARK [2][-]{section*.54}{\376\377\000E\000x\000p\000l\000a\000i\000n\000a\000b\000l\000e\000\040\000A\000I\000\040\000\050\000X\000A\000I\000\051\000:\000\040\000F\000r\000o\000m\000\040\000L\000I\000M\000E\000\040\000l\000u\000n\000d\000b\000e\000r\000g\0002\0000\0001\0007\000u\000n\000i\000f\000i\000e\000d\000\040\000t\000o\000\040\000C\000o\000u\000n\000t\000e\000r\000f\000a\000c\000t\000u\000a\000l\000s}{section*.20}% 52
\BOOKMARK [3][-]{section*.55}{\376\377\000L\000o\000c\000a\000l\000\040\000I\000n\000t\000e\000r\000p\000r\000e\000t\000a\000b\000l\000e\000\040\000M\000o\000d\000e\000l\000-\000a\000g\000n\000o\000s\000t\000i\000c\000\040\000E\000x\000p\000l\000a\000n\000a\000t\000i\000o\000n\000s\000\040\000\050\000L\000I\000M\000E\000\051}{section*.54}% 53
\BOOKMARK [3][-]{section*.56}{\376\377\000C\000o\000u\000n\000t\000e\000r\000f\000a\000c\000t\000u\000a\000l\000\040\000O\000p\000t\000i\000m\000i\000z\000a\000t\000i\000o\000n\000\040\000B\000o\000u\000n\000d\000s}{section*.54}% 54
\BOOKMARK [2][-]{section*.57}{\376\377\000D\000e\000e\000p\000\040\000M\000a\000t\000h\000e\000m\000a\000t\000i\000c\000a\000l\000\040\000F\000o\000u\000n\000d\000a\000t\000i\000o\000n\000s\000\040\000o\000f\000\040\000T\000r\000e\000e\000-\000B\000a\000s\000e\000d\000\040\000E\000n\000s\000e\000m\000b\000l\000e\000s}{section*.20}% 55
\BOOKMARK [3][-]{section*.58}{\376\377\000I\000n\000f\000o\000r\000m\000a\000t\000i\000o\000n\000\040\000T\000h\000e\000o\000r\000y\000\040\000a\000n\000d\000\040\000S\000h\000a\000n\000n\000o\000n\000\040\000E\000n\000t\000r\000o\000p\000y}{section*.57}% 56
\BOOKMARK [3][-]{section*.59}{\376\377\000G\000i\000n\000i\000\040\000I\000m\000p\000u\000r\000i\000t\000y\000\040\000v\000s\000.\000\040\000E\000n\000t\000r\000o\000p\000y}{section*.57}% 57
\BOOKMARK [3][-]{section*.60}{\376\377\000G\000r\000a\000d\000i\000e\000n\000t\000\040\000B\000o\000o\000s\000t\000i\000n\000g\000\040\000O\000p\000t\000i\000m\000i\000z\000a\000t\000i\000o\000n\000\040\000a\000n\000d\000\040\000N\000e\000w\000t\000o\000n\000-\000R\000a\000p\000h\000s\000o\000n\000\040\000S\000t\000e\000p}{section*.57}% 58
\BOOKMARK [2][-]{section*.61}{\376\377\000E\000x\000p\000l\000a\000i\000n\000a\000b\000l\000e\000\040\000A\000I\000\040\000\050\000X\000A\000I\000\051\000:\000\040\000F\000r\000o\000m\000\040\000L\000I\000M\000E\000\040\000l\000u\000n\000d\000b\000e\000r\000g\0002\0000\0001\0007\000u\000n\000i\000f\000i\000e\000d\000\040\000t\000o\000\040\000C\000o\000u\000n\000t\000e\000r\000f\000a\000c\000t\000u\000a\000l\000s}{section*.20}% 59
\BOOKMARK [3][-]{section*.62}{\376\377\000L\000o\000c\000a\000l\000\040\000I\000n\000t\000e\000r\000p\000r\000e\000t\000a\000b\000l\000e\000\040\000M\000o\000d\000e\000l\000-\000a\000g\000n\000o\000s\000t\000i\000c\000\040\000E\000x\000p\000l\000a\000n\000a\000t\000i\000o\000n\000s\000\040\000\050\000L\000I\000M\000E\000\051}{section*.61}% 60
\BOOKMARK [3][-]{section*.63}{\376\377\000C\000o\000u\000n\000t\000e\000r\000f\000a\000c\000t\000u\000a\000l\000\040\000O\000p\000t\000i\000m\000i\000z\000a\000t\000i\000o\000n\000\040\000B\000o\000u\000n\000d\000s}{section*.61}% 61
\BOOKMARK [2][-]{section*.64}{\376\377\000D\000e\000e\000p\000\040\000M\000a\000t\000h\000e\000m\000a\000t\000i\000c\000a\000l\000\040\000F\000o\000u\000n\000d\000a\000t\000i\000o\000n\000s\000\040\000o\000f\000\040\000T\000r\000e\000e\000-\000B\000a\000s\000e\000d\000\040\000E\000n\000s\000e\000m\000b\000l\000e\000s}{section*.20}% 62
\BOOKMARK [3][-]{section*.65}{\376\377\000I\000n\000f\000o\000r\000m\000a\000t\000i\000o\000n\000\040\000T\000h\000e\000o\000r\000y\000\040\000a\000n\000d\000\040\000S\000h\000a\000n\000n\000o\000n\000\040\000E\000n\000t\000r\000o\000p\000y}{section*.64}% 63
\BOOKMARK [3][-]{section*.66}{\376\377\000G\000i\000n\000i\000\040\000I\000m\000p\000u\000r\000i\000t\000y\000\040\000v\000s\000.\000\040\000E\000n\000t\000r\000o\000p\000y}{section*.64}% 64
\BOOKMARK [3][-]{section*.67}{\376\377\000G\000r\000a\000d\000i\000e\000n\000t\000\040\000B\000o\000o\000s\000t\000i\000n\000g\000\040\000O\000p\000t\000i\000m\000i\000z\000a\000t\000i\000o\000n\000\040\000a\000n\000d\000\040\000N\000e\000w\000t\000o\000n\000-\000R\000a\000p\000h\000s\000o\000n\000\040\000S\000t\000e\000p}{section*.64}% 65
\BOOKMARK [2][-]{section*.68}{\376\377\000E\000x\000p\000l\000a\000i\000n\000a\000b\000l\000e\000\040\000A\000I\000\040\000\050\000X\000A\000I\000\051\000:\000\040\000F\000r\000o\000m\000\040\000L\000I\000M\000E\000\040\000l\000u\000n\000d\000b\000e\000r\000g\0002\0000\0001\0007\000u\000n\000i\000f\000i\000e\000d\000\040\000t\000o\000\040\000C\000o\000u\000n\000t\000e\000r\000f\000a\000c\000t\000u\000a\000l\000s}{section*.20}% 66
\BOOKMARK [3][-]{section*.69}{\376\377\000L\000o\000c\000a\000l\000\040\000I\000n\000t\000e\000r\000p\000r\000e\000t\000a\000b\000l\000e\000\040\000M\000o\000d\000e\000l\000-\000a\000g\000n\000o\000s\000t\000i\000c\000\040\000E\000x\000p\000l\000a\000n\000a\000t\000i\000o\000n\000s\000\040\000\050\000L\000I\000M\000E\000\051}{section*.68}% 67
\BOOKMARK [3][-]{section*.70}{\376\377\000C\000o\000u\000n\000t\000e\000r\000f\000a\000c\000t\000u\000a\000l\000\040\000O\000p\000t\000i\000m\000i\000z\000a\000t\000i\000o\000n\000\040\000B\000o\000u\000n\000d\000s}{section*.68}% 68
\BOOKMARK [2][-]{section*.71}{\376\377\000D\000e\000e\000p\000\040\000M\000a\000t\000h\000e\000m\000a\000t\000i\000c\000a\000l\000\040\000F\000o\000u\000n\000d\000a\000t\000i\000o\000n\000s\000\040\000o\000f\000\040\000T\000r\000e\000e\000-\000B\000a\000s\000e\000d\000\040\000E\000n\000s\000e\000m\000b\000l\000e\000s}{section*.20}% 69
\BOOKMARK [3][-]{section*.72}{\376\377\000I\000n\000f\000o\000r\000m\000a\000t\000i\000o\000n\000\040\000T\000h\000e\000o\000r\000y\000\040\000a\000n\000d\000\040\000S\000h\000a\000n\000n\000o\000n\000\040\000E\000n\000t\000r\000o\000p\000y}{section*.71}% 70
\BOOKMARK [3][-]{section*.73}{\376\377\000G\000i\000n\000i\000\040\000I\000m\000p\000u\000r\000i\000t\000y\000\040\000v\000s\000.\000\040\000E\000n\000t\000r\000o\000p\000y}{section*.71}% 71
\BOOKMARK [3][-]{section*.74}{\376\377\000G\000r\000a\000d\000i\000e\000n\000t\000\040\000B\000o\000o\000s\000t\000i\000n\000g\000\040\000O\000p\000t\000i\000m\000i\000z\000a\000t\000i\000o\000n\000\040\000a\000n\000d\000\040\000N\000e\000w\000t\000o\000n\000-\000R\000a\000p\000h\000s\000o\000n\000\040\000S\000t\000e\000p}{section*.71}% 72
\BOOKMARK [2][-]{section*.75}{\376\377\000E\000x\000p\000l\000a\000i\000n\000a\000b\000l\000e\000\040\000A\000I\000\040\000\050\000X\000A\000I\000\051\000:\000\040\000F\000r\000o\000m\000\040\000L\000I\000M\000E\000\040\000l\000u\000n\000d\000b\000e\000r\000g\0002\0000\0001\0007\000u\000n\000i\000f\000i\000e\000d\000\040\000t\000o\000\040\000C\000o\000u\000n\000t\000e\000r\000f\000a\000c\000t\000u\000a\000l\000s}{section*.20}% 73
\BOOKMARK [3][-]{section*.76}{\376\377\000L\000o\000c\000a\000l\000\040\000I\000n\000t\000e\000r\000p\000r\000e\000t\000a\000b\000l\000e\000\040\000M\000o\000d\000e\000l\000-\000a\000g\000n\000o\000s\000t\000i\000c\000\040\000E\000x\000p\000l\000a\000n\000a\000t\000i\000o\000n\000s\000\040\000\050\000L\000I\000M\000E\000\051}{section*.75}% 74
\BOOKMARK [3][-]{section*.77}{\376\377\000C\000o\000u\000n\000t\000e\000r\000f\000a\000c\000t\000u\000a\000l\000\040\000O\000p\000t\000i\000m\000i\000z\000a\000t\000i\000o\000n\000\040\000B\000o\000u\000n\000d\000s}{section*.75}% 75
\BOOKMARK [2][-]{section*.78}{\376\377\000D\000e\000e\000p\000\040\000M\000a\000t\000h\000e\000m\000a\000t\000i\000c\000a\000l\000\040\000F\000o\000u\000n\000d\000a\000t\000i\000o\000n\000s\000\040\000o\000f\000\040\000T\000r\000e\000e\000-\000B\000a\000s\000e\000d\000\040\000E\000n\000s\000e\000m\000b\000l\000e\000s}{section*.20}% 76
\BOOKMARK [3][-]{section*.79}{\376\377\000I\000n\000f\000o\000r\000m\000a\000t\000i\000o\000n\000\040\000T\000h\000e\000o\000r\000y\000\040\000a\000n\000d\000\040\000S\000h\000a\000n\000n\000o\000n\000\040\000E\000n\000t\000r\000o\000p\000y}{section*.78}% 77
\BOOKMARK [3][-]{section*.80}{\376\377\000G\000i\000n\000i\000\040\000I\000m\000p\000u\000r\000i\000t\000y\000\040\000v\000s\000.\000\040\000E\000n\000t\000r\000o\000p\000y}{section*.78}% 78
\BOOKMARK [3][-]{section*.81}{\376\377\000G\000r\000a\000d\000i\000e\000n\000t\000\040\000B\000o\000o\000s\000t\000i\000n\000g\000\040\000O\000p\000t\000i\000m\000i\000z\000a\000t\000i\000o\000n\000\040\000a\000n\000d\000\040\000N\000e\000w\000t\000o\000n\000-\000R\000a\000p\000h\000s\000o\000n\000\040\000S\000t\000e\000p}{section*.78}% 79
\BOOKMARK [2][-]{section*.82}{\376\377\000E\000x\000p\000l\000a\000i\000n\000a\000b\000l\000e\000\040\000A\000I\000\040\000\050\000X\000A\000I\000\051\000:\000\040\000F\000r\000o\000m\000\040\000L\000I\000M\000E\000\040\000l\000u\000n\000d\000b\000e\000r\000g\0002\0000\0001\0007\000u\000n\000i\000f\000i\000e\000d\000\040\000t\000o\000\040\000C\000o\000u\000n\000t\000e\000r\000f\000a\000c\000t\000u\000a\000l\000s}{section*.20}% 80
\BOOKMARK [3][-]{section*.83}{\376\377\000L\000o\000c\000a\000l\000\040\000I\000n\000t\000e\000r\000p\000r\000e\000t\000a\000b\000l\000e\000\040\000M\000o\000d\000e\000l\000-\000a\000g\000n\000o\000s\000t\000i\000c\000\040\000E\000x\000p\000l\000a\000n\000a\000t\000i\000o\000n\000s\000\040\000\050\000L\000I\000M\000E\000\051}{section*.82}% 81
\BOOKMARK [3][-]{section*.84}{\376\377\000C\000o\000u\000n\000t\000e\000r\000f\000a\000c\000t\000u\000a\000l\000\040\000O\000p\000t\000i\000m\000i\000z\000a\000t\000i\000o\000n\000\040\000B\000o\000u\000n\000d\000s}{section*.82}% 82
\BOOKMARK [2][-]{section*.85}{\376\377\000D\000e\000e\000p\000\040\000M\000a\000t\000h\000e\000m\000a\000t\000i\000c\000a\000l\000\040\000F\000o\000u\000n\000d\000a\000t\000i\000o\000n\000s\000\040\000o\000f\000\040\000T\000r\000e\000e\000-\000B\000a\000s\000e\000d\000\040\000E\000n\000s\000e\000m\000b\000l\000e\000s}{section*.20}% 83
\BOOKMARK [3][-]{section*.86}{\376\377\000I\000n\000f\000o\000r\000m\000a\000t\000i\000o\000n\000\040\000T\000h\000e\000o\000r\000y\000\040\000a\000n\000d\000\040\000S\000h\000a\000n\000n\000o\000n\000\040\000E\000n\000t\000r\000o\000p\000y}{section*.85}% 84
\BOOKMARK [3][-]{section*.87}{\376\377\000G\000i\000n\000i\000\040\000I\000m\000p\000u\000r\000i\000t\000y\000\040\000v\000s\000.\000\040\000E\000n\000t\000r\000o\000p\000y}{section*.85}% 85
\BOOKMARK [3][-]{section*.88}{\376\377\000G\000r\000a\000d\000i\000e\000n\000t\000\040\000B\000o\000o\000s\000t\000i\000n\000g\000\040\000O\000p\000t\000i\000m\000i\000z\000a\000t\000i\000o\000n\000\040\000a\000n\000d\000\040\000N\000e\000w\000t\000o\000n\000-\000R\000a\000p\000h\000s\000o\000n\000\040\000S\000t\000e\000p}{section*.85}% 86
\BOOKMARK [2][-]{section*.89}{\376\377\000E\000x\000p\000l\000a\000i\000n\000a\000b\000l\000e\000\040\000A\000I\000\040\000\050\000X\000A\000I\000\051\000:\000\040\000F\000r\000o\000m\000\040\000L\000I\000M\000E\000\040\000l\000u\000n\000d\000b\000e\000r\000g\0002\0000\0001\0007\000u\000n\000i\000f\000i\000e\000d\000\040\000t\000o\000\040\000C\000o\000u\000n\000t\000e\000r\000f\000a\000c\000t\000u\000a\000l\000s}{section*.20}% 87
\BOOKMARK [3][-]{section*.90}{\376\377\000L\000o\000c\000a\000l\000\040\000I\000n\000t\000e\000r\000p\000r\000e\000t\000a\000b\000l\000e\000\040\000M\000o\000d\000e\000l\000-\000a\000g\000n\000o\000s\000t\000i\000c\000\040\000E\000x\000p\000l\000a\000n\000a\000t\000i\000o\000n\000s\000\040\000\050\000L\000I\000M\000E\000\051}{section*.89}% 88
\BOOKMARK [3][-]{section*.91}{\376\377\000C\000o\000u\000n\000t\000e\000r\000f\000a\000c\000t\000u\000a\000l\000\040\000O\000p\000t\000i\000m\000i\000z\000a\000t\000i\000o\000n\000\040\000B\000o\000u\000n\000d\000s}{section*.89}% 89
\BOOKMARK [2][-]{section*.92}{\376\377\000D\000e\000e\000p\000\040\000M\000a\000t\000h\000e\000m\000a\000t\000i\000c\000a\000l\000\040\000F\000o\000u\000n\000d\000a\000t\000i\000o\000n\000s\000\040\000o\000f\000\040\000T\000r\000e\000e\000-\000B\000a\000s\000e\000d\000\040\000E\000n\000s\000e\000m\000b\000l\000e\000s}{section*.20}% 90
\BOOKMARK [3][-]{section*.93}{\376\377\000I\000n\000f\000o\000r\000m\000a\000t\000i\000o\000n\000\040\000T\000h\000e\000o\000r\000y\000\040\000a\000n\000d\000\040\000S\000h\000a\000n\000n\000o\000n\000\040\000E\000n\000t\000r\000o\000p\000y}{section*.92}% 91
\BOOKMARK [3][-]{section*.94}{\376\377\000G\000i\000n\000i\000\040\000I\000m\000p\000u\000r\000i\000t\000y\000\040\000v\000s\000.\000\040\000E\000n\000t\000r\000o\000p\000y}{section*.92}% 92
\BOOKMARK [3][-]{section*.95}{\376\377\000G\000r\000a\000d\000i\000e\000n\000t\000\040\000B\000o\000o\000s\000t\000i\000n\000g\000\040\000O\000p\000t\000i\000m\000i\000z\000a\000t\000i\000o\000n\000\040\000a\000n\000d\000\040\000N\000e\000w\000t\000o\000n\000-\000R\000a\000p\000h\000s\000o\000n\000\040\000S\000t\000e\000p}{section*.92}% 93
\BOOKMARK [2][-]{section*.96}{\376\377\000E\000x\000p\000l\000a\000i\000n\000a\000b\000l\000e\000\040\000A\000I\000\040\000\050\000X\000A\000I\000\051\000:\000\040\000F\000r\000o\000m\000\040\000L\000I\000M\000E\000\040\000l\000u\000n\000d\000b\000e\000r\000g\0002\0000\0001\0007\000u\000n\000i\000f\000i\000e\000d\000\040\000t\000o\000\040\000C\000o\000u\000n\000t\000e\000r\000f\000a\000c\000t\000u\000a\000l\000s}{section*.20}% 94
\BOOKMARK [3][-]{section*.97}{\376\377\000L\000o\000c\000a\000l\000\040\000I\000n\000t\000e\000r\000p\000r\000e\000t\000a\000b\000l\000e\000\040\000M\000o\000d\000e\000l\000-\000a\000g\000n\000o\000s\000t\000i\000c\000\040\000E\000x\000p\000l\000a\000n\000a\000t\000i\000o\000n\000s\000\040\000\050\000L\000I\000M\000E\000\051}{section*.96}% 95
\BOOKMARK [3][-]{section*.98}{\376\377\000C\000o\000u\000n\000t\000e\000r\000f\000a\000c\000t\000u\000a\000l\000\040\000O\000p\000t\000i\000m\000i\000z\000a\000t\000i\000o\000n\000\040\000B\000o\000u\000n\000d\000s}{section*.96}% 96
\BOOKMARK [2][-]{section*.99}{\376\377\000D\000e\000e\000p\000\040\000M\000a\000t\000h\000e\000m\000a\000t\000i\000c\000a\000l\000\040\000F\000o\000u\000n\000d\000a\000t\000i\000o\000n\000s\000\040\000o\000f\000\040\000T\000r\000e\000e\000-\000B\000a\000s\000e\000d\000\040\000E\000n\000s\000e\000m\000b\000l\000e\000s}{section*.20}% 97
\BOOKMARK [3][-]{section*.100}{\376\377\000I\000n\000f\000o\000r\000m\000a\000t\000i\000o\000n\000\040\000T\000h\000e\000o\000r\000y\000\040\000a\000n\000d\000\040\000S\000h\000a\000n\000n\000o\000n\000\040\000E\000n\000t\000r\000o\000p\000y}{section*.99}% 98
\BOOKMARK [3][-]{section*.101}{\376\377\000G\000i\000n\000i\000\040\000I\000m\000p\000u\000r\000i\000t\000y\000\040\000v\000s\000.\000\040\000E\000n\000t\000r\000o\000p\000y}{section*.99}% 99
\BOOKMARK [3][-]{section*.102}{\376\377\000G\000r\000a\000d\000i\000e\000n\000t\000\040\000B\000o\000o\000s\000t\000i\000n\000g\000\040\000O\000p\000t\000i\000m\000i\000z\000a\000t\000i\000o\000n\000\040\000a\000n\000d\000\040\000N\000e\000w\000t\000o\000n\000-\000R\000a\000p\000h\000s\000o\000n\000\040\000S\000t\000e\000p}{section*.99}% 100
\BOOKMARK [2][-]{section*.103}{\376\377\000E\000x\000p\000l\000a\000i\000n\000a\000b\000l\000e\000\040\000A\000I\000\040\000\050\000X\000A\000I\000\051\000:\000\040\000F\000r\000o\000m\000\040\000L\000I\000M\000E\000\040\000l\000u\000n\000d\000b\000e\000r\000g\0002\0000\0001\0007\000u\000n\000i\000f\000i\000e\000d\000\040\000t\000o\000\040\000C\000o\000u\000n\000t\000e\000r\000f\000a\000c\000t\000u\000a\000l\000s}{section*.20}% 101
\BOOKMARK [3][-]{section*.104}{\376\377\000L\000o\000c\000a\000l\000\040\000I\000n\000t\000e\000r\000p\000r\000e\000t\000a\000b\000l\000e\000\040\000M\000o\000d\000e\000l\000-\000a\000g\000n\000o\000s\000t\000i\000c\000\040\000E\000x\000p\000l\000a\000n\000a\000t\000i\000o\000n\000s\000\040\000\050\000L\000I\000M\000E\000\051}{section*.103}% 102
\BOOKMARK [3][-]{section*.105}{\376\377\000C\000o\000u\000n\000t\000e\000r\000f\000a\000c\000t\000u\000a\000l\000\040\000O\000p\000t\000i\000m\000i\000z\000a\000t\000i\000o\000n\000\040\000B\000o\000u\000n\000d\000s}{section*.103}% 103
\BOOKMARK [2][-]{section*.106}{\376\377\000D\000e\000e\000p\000\040\000M\000a\000t\000h\000e\000m\000a\000t\000i\000c\000a\000l\000\040\000F\000o\000u\000n\000d\000a\000t\000i\000o\000n\000s\000\040\000o\000f\000\040\000T\000r\000e\000e\000-\000B\000a\000s\000e\000d\000\040\000E\000n\000s\000e\000m\000b\000l\000e\000s}{section*.20}% 104
\BOOKMARK [3][-]{section*.107}{\376\377\000I\000n\000f\000o\000r\000m\000a\000t\000i\000o\000n\000\040\000T\000h\000e\000o\000r\000y\000\040\000a\000n\000d\000\040\000S\000h\000a\000n\000n\000o\000n\000\040\000E\000n\000t\000r\000o\000p\000y}{section*.106}% 105
\BOOKMARK [3][-]{section*.108}{\376\377\000G\000i\000n\000i\000\040\000I\000m\000p\000u\000r\000i\000t\000y\000\040\000v\000s\000.\000\040\000E\000n\000t\000r\000o\000p\000y}{section*.106}% 106
\BOOKMARK [3][-]{section*.109}{\376\377\000G\000r\000a\000d\000i\000e\000n\000t\000\040\000B\000o\000o\000s\000t\000i\000n\000g\000\040\000O\000p\000t\000i\000m\000i\000z\000a\000t\000i\000o\000n\000\040\000a\000n\000d\000\040\000N\000e\000w\000t\000o\000n\000-\000R\000a\000p\000h\000s\000o\000n\000\040\000S\000t\000e\000p}{section*.106}% 107
\BOOKMARK [2][-]{section*.110}{\376\377\000E\000x\000p\000l\000a\000i\000n\000a\000b\000l\000e\000\040\000A\000I\000\040\000\050\000X\000A\000I\000\051\000:\000\040\000F\000r\000o\000m\000\040\000L\000I\000M\000E\000\040\000l\000u\000n\000d\000b\000e\000r\000g\0002\0000\0001\0007\000u\000n\000i\000f\000i\000e\000d\000\040\000t\000o\000\040\000C\000o\000u\000n\000t\000e\000r\000f\000a\000c\000t\000u\000a\000l\000s}{section*.20}% 108
\BOOKMARK [3][-]{section*.111}{\376\377\000L\000o\000c\000a\000l\000\040\000I\000n\000t\000e\000r\000p\000r\000e\000t\000a\000b\000l\000e\000\040\000M\000o\000d\000e\000l\000-\000a\000g\000n\000o\000s\000t\000i\000c\000\040\000E\000x\000p\000l\000a\000n\000a\000t\000i\000o\000n\000s\000\040\000\050\000L\000I\000M\000E\000\051}{section*.110}% 109
\BOOKMARK [3][-]{section*.112}{\376\377\000C\000o\000u\000n\000t\000e\000r\000f\000a\000c\000t\000u\000a\000l\000\040\000O\000p\000t\000i\000m\000i\000z\000a\000t\000i\000o\000n\000\040\000B\000o\000u\000n\000d\000s}{section*.110}% 110
\BOOKMARK [2][-]{section*.113}{\376\377\000D\000e\000e\000p\000\040\000M\000a\000t\000h\000e\000m\000a\000t\000i\000c\000a\000l\000\040\000F\000o\000u\000n\000d\000a\000t\000i\000o\000n\000s\000\040\000o\000f\000\040\000T\000r\000e\000e\000-\000B\000a\000s\000e\000d\000\040\000E\000n\000s\000e\000m\000b\000l\000e\000s}{section*.20}% 111
\BOOKMARK [3][-]{section*.114}{\376\377\000I\000n\000f\000o\000r\000m\000a\000t\000i\000o\000n\000\040\000T\000h\000e\000o\000r\000y\000\040\000a\000n\000d\000\040\000S\000h\000a\000n\000n\000o\000n\000\040\000E\000n\000t\000r\000o\000p\000y}{section*.113}% 112
\BOOKMARK [3][-]{section*.115}{\376\377\000G\000i\000n\000i\000\040\000I\000m\000p\000u\000r\000i\000t\000y\000\040\000v\000s\000.\000\040\000E\000n\000t\000r\000o\000p\000y}{section*.113}% 113
\BOOKMARK [3][-]{section*.116}{\376\377\000G\000r\000a\000d\000i\000e\000n\000t\000\040\000B\000o\000o\000s\000t\000i\000n\000g\000\040\000O\000p\000t\000i\000m\000i\000z\000a\000t\000i\000o\000n\000\040\000a\000n\000d\000\040\000N\000e\000w\000t\000o\000n\000-\000R\000a\000p\000h\000s\000o\000n\000\040\000S\000t\000e\000p}{section*.113}% 114
\BOOKMARK [2][-]{section*.117}{\376\377\000E\000x\000p\000l\000a\000i\000n\000a\000b\000l\000e\000\040\000A\000I\000\040\000\050\000X\000A\000I\000\051\000:\000\040\000F\000r\000o\000m\000\040\000L\000I\000M\000E\000\040\000l\000u\000n\000d\000b\000e\000r\000g\0002\0000\0001\0007\000u\000n\000i\000f\000i\000e\000d\000\040\000t\000o\000\040\000C\000o\000u\000n\000t\000e\000r\000f\000a\000c\000t\000u\000a\000l\000s}{section*.20}% 115
\BOOKMARK [3][-]{section*.118}{\376\377\000L\000o\000c\000a\000l\000\040\000I\000n\000t\000e\000r\000p\000r\000e\000t\000a\000b\000l\000e\000\040\000M\000o\000d\000e\000l\000-\000a\000g\000n\000o\000s\000t\000i\000c\000\040\000E\000x\000p\000l\000a\000n\000a\000t\000i\000o\000n\000s\000\040\000\050\000L\000I\000M\000E\000\051}{section*.117}% 116
\BOOKMARK [3][-]{section*.119}{\376\377\000C\000o\000u\000n\000t\000e\000r\000f\000a\000c\000t\000u\000a\000l\000\040\000O\000p\000t\000i\000m\000i\000z\000a\000t\000i\000o\000n\000\040\000B\000o\000u\000n\000d\000s}{section*.117}% 117
\BOOKMARK [2][-]{section*.120}{\376\377\000D\000e\000e\000p\000\040\000M\000a\000t\000h\000e\000m\000a\000t\000i\000c\000a\000l\000\040\000F\000o\000u\000n\000d\000a\000t\000i\000o\000n\000s\000\040\000o\000f\000\040\000T\000r\000e\000e\000-\000B\000a\000s\000e\000d\000\040\000E\000n\000s\000e\000m\000b\000l\000e\000s}{section*.20}% 118
\BOOKMARK [3][-]{section*.121}{\376\377\000I\000n\000f\000o\000r\000m\000a\000t\000i\000o\000n\000\040\000T\000h\000e\000o\000r\000y\000\040\000a\000n\000d\000\040\000S\000h\000a\000n\000n\000o\000n\000\040\000E\000n\000t\000r\000o\000p\000y}{section*.120}% 119
\BOOKMARK [3][-]{section*.122}{\376\377\000G\000i\000n\000i\000\040\000I\000m\000p\000u\000r\000i\000t\000y\000\040\000v\000s\000.\000\040\000E\000n\000t\000r\000o\000p\000y}{section*.120}% 120
\BOOKMARK [3][-]{section*.123}{\376\377\000G\000r\000a\000d\000i\000e\000n\000t\000\040\000B\000o\000o\000s\000t\000i\000n\000g\000\040\000O\000p\000t\000i\000m\000i\000z\000a\000t\000i\000o\000n\000\040\000a\000n\000d\000\040\000N\000e\000w\000t\000o\000n\000-\000R\000a\000p\000h\000s\000o\000n\000\040\000S\000t\000e\000p}{section*.120}% 121
\BOOKMARK [2][-]{section*.124}{\376\377\000E\000x\000p\000l\000a\000i\000n\000a\000b\000l\000e\000\040\000A\000I\000\040\000\050\000X\000A\000I\000\051\000:\000\040\000F\000r\000o\000m\000\040\000L\000I\000M\000E\000\040\000l\000u\000n\000d\000b\000e\000r\000g\0002\0000\0001\0007\000u\000n\000i\000f\000i\000e\000d\000\040\000t\000o\000\040\000C\000o\000u\000n\000t\000e\000r\000f\000a\000c\000t\000u\000a\000l\000s}{section*.20}% 122
\BOOKMARK [3][-]{section*.125}{\376\377\000L\000o\000c\000a\000l\000\040\000I\000n\000t\000e\000r\000p\000r\000e\000t\000a\000b\000l\000e\000\040\000M\000o\000d\000e\000l\000-\000a\000g\000n\000o\000s\000t\000i\000c\000\040\000E\000x\000p\000l\000a\000n\000a\000t\000i\000o\000n\000s\000\040\000\050\000L\000I\000M\000E\000\051}{section*.124}% 123
\BOOKMARK [3][-]{section*.126}{\376\377\000C\000o\000u\000n\000t\000e\000r\000f\000a\000c\000t\000u\000a\000l\000\040\000O\000p\000t\000i\000m\000i\000z\000a\000t\000i\000o\000n\000\040\000B\000o\000u\000n\000d\000s}{section*.124}% 124
\BOOKMARK [2][-]{section*.127}{\376\377\000D\000e\000e\000p\000\040\000M\000a\000t\000h\000e\000m\000a\000t\000i\000c\000a\000l\000\040\000F\000o\000u\000n\000d\000a\000t\000i\000o\000n\000s\000\040\000o\000f\000\040\000T\000r\000e\000e\000-\000B\000a\000s\000e\000d\000\040\000E\000n\000s\000e\000m\000b\000l\000e\000s}{section*.20}% 125
\BOOKMARK [3][-]{section*.128}{\376\377\000I\000n\000f\000o\000r\000m\000a\000t\000i\000o\000n\000\040\000T\000h\000e\000o\000r\000y\000\040\000a\000n\000d\000\040\000S\000h\000a\000n\000n\000o\000n\000\040\000E\000n\000t\000r\000o\000p\000y}{section*.127}% 126
\BOOKMARK [3][-]{section*.129}{\376\377\000G\000i\000n\000i\000\040\000I\000m\000p\000u\000r\000i\000t\000y\000\040\000v\000s\000.\000\040\000E\000n\000t\000r\000o\000p\000y}{section*.127}% 127
\BOOKMARK [3][-]{section*.130}{\376\377\000G\000r\000a\000d\000i\000e\000n\000t\000\040\000B\000o\000o\000s\000t\000i\000n\000g\000\040\000O\000p\000t\000i\000m\000i\000z\000a\000t\000i\000o\000n\000\040\000a\000n\000d\000\040\000N\000e\000w\000t\000o\000n\000-\000R\000a\000p\000h\000s\000o\000n\000\040\000S\000t\000e\000p}{section*.127}% 128
\BOOKMARK [2][-]{section*.131}{\376\377\000E\000x\000p\000l\000a\000i\000n\000a\000b\000l\000e\000\040\000A\000I\000\040\000\050\000X\000A\000I\000\051\000:\000\040\000F\000r\000o\000m\000\040\000L\000I\000M\000E\000\040\000l\000u\000n\000d\000b\000e\000r\000g\0002\0000\0001\0007\000u\000n\000i\000f\000i\000e\000d\000\040\000t\000o\000\040\000C\000o\000u\000n\000t\000e\000r\000f\000a\000c\000t\000u\000a\000l\000s}{section*.20}% 129
\BOOKMARK [3][-]{section*.132}{\376\377\000L\000o\000c\000a\000l\000\040\000I\000n\000t\000e\000r\000p\000r\000e\000t\000a\000b\000l\000e\000\040\000M\000o\000d\000e\000l\000-\000a\000g\000n\000o\000s\000t\000i\000c\000\040\000E\000x\000p\000l\000a\000n\000a\000t\000i\000o\000n\000s\000\040\000\050\000L\000I\000M\000E\000\051}{section*.131}% 130
\BOOKMARK [3][-]{section*.133}{\376\377\000C\000o\000u\000n\000t\000e\000r\000f\000a\000c\000t\000u\000a\000l\000\040\000O\000p\000t\000i\000m\000i\000z\000a\000t\000i\000o\000n\000\040\000B\000o\000u\000n\000d\000s}{section*.131}% 131
\BOOKMARK [2][-]{section*.134}{\376\377\000D\000e\000e\000p\000\040\000M\000a\000t\000h\000e\000m\000a\000t\000i\000c\000a\000l\000\040\000F\000o\000u\000n\000d\000a\000t\000i\000o\000n\000s\000\040\000o\000f\000\040\000T\000r\000e\000e\000-\000B\000a\000s\000e\000d\000\040\000E\000n\000s\000e\000m\000b\000l\000e\000s}{section*.20}% 132
\BOOKMARK [3][-]{section*.135}{\376\377\000I\000n\000f\000o\000r\000m\000a\000t\000i\000o\000n\000\040\000T\000h\000e\000o\000r\000y\000\040\000a\000n\000d\000\040\000S\000h\000a\000n\000n\000o\000n\000\040\000E\000n\000t\000r\000o\000p\000y}{section*.134}% 133
\BOOKMARK [3][-]{section*.136}{\376\377\000G\000i\000n\000i\000\040\000I\000m\000p\000u\000r\000i\000t\000y\000\040\000v\000s\000.\000\040\000E\000n\000t\000r\000o\000p\000y}{section*.134}% 134
\BOOKMARK [3][-]{section*.137}{\376\377\000G\000r\000a\000d\000i\000e\000n\000t\000\040\000B\000o\000o\000s\000t\000i\000n\000g\000\040\000O\000p\000t\000i\000m\000i\000z\000a\000t\000i\000o\000n\000\040\000a\000n\000d\000\040\000N\000e\000w\000t\000o\000n\000-\000R\000a\000p\000h\000s\000o\000n\000\040\000S\000t\000e\000p}{section*.134}% 135
\BOOKMARK [2][-]{section*.138}{\376\377\000E\000x\000p\000l\000a\000i\000n\000a\000b\000l\000e\000\040\000A\000I\000\040\000\050\000X\000A\000I\000\051\000:\000\040\000F\000r\000o\000m\000\040\000L\000I\000M\000E\000\040\000l\000u\000n\000d\000b\000e\000r\000g\0002\0000\0001\0007\000u\000n\000i\000f\000i\000e\000d\000\040\000t\000o\000\040\000C\000o\000u\000n\000t\000e\000r\000f\000a\000c\000t\000u\000a\000l\000s}{section*.20}% 136
\BOOKMARK [3][-]{section*.139}{\376\377\000L\000o\000c\000a\000l\000\040\000I\000n\000t\000e\000r\000p\000r\000e\000t\000a\000b\000l\000e\000\040\000M\000o\000d\000e\000l\000-\000a\000g\000n\000o\000s\000t\000i\000c\000\040\000E\000x\000p\000l\000a\000n\000a\000t\000i\000o\000n\000s\000\040\000\050\000L\000I\000M\000E\000\051}{section*.138}% 137
\BOOKMARK [3][-]{section*.140}{\376\377\000C\000o\000u\000n\000t\000e\000r\000f\000a\000c\000t\000u\000a\000l\000\040\000O\000p\000t\000i\000m\000i\000z\000a\000t\000i\000o\000n\000\040\000B\000o\000u\000n\000d\000s}{section*.138}% 138
\BOOKMARK [1][-]{section*.141}{\376\377\000M\000e\000t\000h\000o\000d\000o\000l\000o\000g\000y}{}% 139
\BOOKMARK [2][-]{section*.142}{\376\377\000R\000e\000s\000e\000a\000r\000c\000h\000\040\000D\000e\000s\000i\000g\000n}{section*.141}% 140
\BOOKMARK [2][-]{section*.143}{\376\377\000D\000a\000t\000a\000\040\000C\000o\000l\000l\000e\000c\000t\000i\000o\000n\000\040\000a\000n\000d\000\040\000D\000e\000s\000c\000r\000i\000p\000t\000i\000o\000n}{section*.141}% 141
\BOOKMARK [2][-]{section*.144}{\376\377\000D\000a\000t\000a\000\040\000P\000r\000e\000p\000r\000o\000c\000e\000s\000s\000i\000n\000g\000\040\000a\000n\000d\000\040\000T\000a\000r\000g\000e\000t\000\040\000T\000r\000a\000n\000s\000f\000o\000r\000m\000a\000t\000i\000o\000n}{section*.141}% 142
\BOOKMARK [3][-]{section*.145}{\376\377\000H\000a\000n\000d\000l\000i\000n\000g\000\040\000M\000i\000s\000s\000i\000n\000g\000\040\000V\000a\000l\000u\000e\000s\000\040\000a\000n\000d\000\040\000N\000o\000r\000m\000a\000l\000i\000z\000a\000t\000i\000o\000n}{section*.144}% 143
\BOOKMARK [3][-]{section*.146}{\376\377\000C\000o\000v\000a\000r\000i\000a\000n\000c\000e\000\040\000a\000n\000d\000\040\000F\000e\000a\000t\000u\000r\000e\000\040\000C\000o\000l\000l\000i\000n\000e\000a\000r\000i\000t\000y\000\040\000A\000n\000a\000l\000y\000s\000i\000s}{section*.144}% 144
\BOOKMARK [3][-]{section*.147}{\376\377\000M\000u\000l\000t\000i\000-\000L\000a\000b\000e\000l\000\040\000T\000a\000r\000g\000e\000t\000\040\000E\000n\000c\000o\000d\000i\000n\000g\000\040\000\050\000M\000u\000l\000t\000i\000-\000H\000o\000t\000\040\000E\000n\000c\000o\000d\000i\000n\000g\000\051}{section*.144}% 145
\BOOKMARK [2][-]{section*.148}{\376\377\000M\000o\000d\000e\000l\000\040\000A\000r\000c\000h\000i\000t\000e\000c\000t\000u\000r\000e\000\040\000a\000n\000d\000\040\000I\000m\000p\000l\000e\000m\000e\000n\000t\000a\000t\000i\000o\000n}{section*.141}% 146
\BOOKMARK [3][-]{section*.149}{\376\377\000T\000h\000e\000\040\000C\000l\000a\000s\000s\000i\000f\000i\000e\000r\000\040\000C\000h\000a\000i\000n\000\040\000r\000e\000a\000d\0002\0000\0001\0001\000c\000l\000a\000s\000s\000i\000f\000i\000e\000r\000\040\000M\000e\000c\000h\000a\000n\000i\000s\000m}{section*.148}% 147
\BOOKMARK [3][-]{section*.150}{\376\377\000B\000a\000s\000e\000\040\000A\000l\000g\000o\000r\000i\000t\000h\000m\000s\000\040\000C\000o\000n\000f\000i\000g\000u\000r\000a\000t\000i\000o\000n}{section*.148}% 148
\BOOKMARK [2][-]{section*.151}{\376\377\000T\000h\000e\000\040\000I\000n\000t\000e\000l\000l\000i\000g\000e\000n\000c\000e\000\040\000L\000a\000y\000e\000r\000s\000:\000\040\000E\000x\000p\000l\000a\000i\000n\000a\000b\000i\000l\000i\000t\000y\000\040\000a\000n\000d\000\040\000C\000o\000u\000n\000t\000e\000r\000f\000a\000c\000t\000u\000a\000l\000s}{section*.141}% 149
\BOOKMARK [3][-]{section*.152}{\376\377\000G\000l\000o\000b\000a\000l\000\040\000E\000x\000p\000l\000a\000n\000a\000t\000i\000o\000n\000:\000\040\000F\000e\000a\000t\000u\000r\000e\000\040\000I\000m\000p\000o\000r\000t\000a\000n\000c\000e\000\040\000R\000a\000n\000k\000i\000n\000g}{section*.151}% 150
\BOOKMARK [3][-]{section*.153}{\376\377\000L\000o\000c\000a\000l\000\040\000E\000x\000p\000l\000a\000n\000a\000t\000i\000o\000n\000:\000\040\000C\000o\000u\000n\000t\000e\000r\000f\000a\000c\000t\000u\000a\000l\000\040\000w\000a\000c\000h\000t\000e\000r\0002\0000\0001\0007\000c\000o\000u\000n\000t\000e\000r\000f\000a\000c\000t\000u\000a\000l\000\040\000G\000e\000n\000e\000r\000a\000t\000i\000o\000n}{section*.151}% 151
\BOOKMARK [2][-]{section*.154}{\376\377\000E\000v\000a\000l\000u\000a\000t\000i\000o\000n\000\040\000M\000e\000t\000r\000i\000c\000s}{section*.141}% 152
\BOOKMARK [2][-]{section*.155}{\376\377\000A\000l\000g\000o\000r\000i\000t\000h\000m\000i\000c\000\040\000P\000s\000e\000u\000d\000o\000c\000o\000d\000e\000\040\000a\000n\000d\000\040\000M\000e\000t\000h\000o\000d\000o\000l\000o\000g\000i\000c\000a\000l\000\040\000W\000o\000r\000k\000f\000l\000o\000w\000s}{section*.141}% 153
\BOOKMARK [3][-]{section*.156}{\376\377\000C\000l\000a\000s\000s\000i\000f\000i\000e\000r\000\040\000C\000h\000a\000i\000n\000\040\000T\000r\000a\000i\000n\000i\000n\000g\000\040\000P\000r\000o\000t\000o\000c\000o\000l}{section*.155}% 154
\BOOKMARK [3][-]{section*.157}{\376\377\000V\000e\000c\000t\000o\000r\000i\000z\000e\000d\000\040\000C\000o\000u\000n\000t\000e\000r\000f\000a\000c\000t\000u\000a\000l\000\040\000w\000a\000c\000h\000t\000e\000r\0002\0000\0001\0007\000c\000o\000u\000n\000t\000e\000r\000f\000a\000c\000t\000u\000a\000l\000\040\000S\000e\000a\000r\000c\000h\000\040\000S\000p\000a\000c\000e}{section*.155}% 155
\BOOKMARK [2][-]{section*.158}{\376\377\000A\000r\000c\000h\000i\000t\000e\000c\000t\000u\000r\000a\000l\000\040\000F\000l\000o\000w\000c\000h\000a\000r\000t\000\040\000o\000f\000\040\000D\000a\000t\000a\000\040\000P\000r\000o\000c\000e\000s\000s\000i\000n\000g}{section*.141}% 156
\BOOKMARK [2][-]{section*.159}{\376\377\000A\000l\000g\000o\000r\000i\000t\000h\000m\000i\000c\000\040\000P\000s\000e\000u\000d\000o\000c\000o\000d\000e\000\040\000a\000n\000d\000\040\000M\000e\000t\000h\000o\000d\000o\000l\000o\000g\000i\000c\000a\000l\000\040\000W\000o\000r\000k\000f\000l\000o\000w\000s}{section*.141}% 157
\BOOKMARK [3][-]{section*.160}{\376\377\000C\000l\000a\000s\000s\000i\000f\000i\000e\000r\000\040\000C\000h\000a\000i\000n\000\040\000T\000r\000a\000i\000n\000i\000n\000g\000\040\000P\000r\000o\000t\000o\000c\000o\000l}{section*.159}% 158
\BOOKMARK [3][-]{section*.161}{\376\377\000V\000e\000c\000t\000o\000r\000i\000z\000e\000d\000\040\000C\000o\000u\000n\000t\000e\000r\000f\000a\000c\000t\000u\000a\000l\000\040\000w\000a\000c\000h\000t\000e\000r\0002\0000\0001\0007\000c\000o\000u\000n\000t\000e\000r\000f\000a\000c\000t\000u\000a\000l\000\040\000S\000e\000a\000r\000c\000h\000\040\000S\000p\000a\000c\000e}{section*.159}% 159
\BOOKMARK [2][-]{section*.162}{\376\377\000A\000r\000c\000h\000i\000t\000e\000c\000t\000u\000r\000a\000l\000\040\000F\000l\000o\000w\000c\000h\000a\000r\000t\000\040\000o\000f\000\040\000D\000a\000t\000a\000\040\000P\000r\000o\000c\000e\000s\000s\000i\000n\000g}{section*.141}% 160
\BOOKMARK [2][-]{section*.163}{\376\377\000A\000l\000g\000o\000r\000i\000t\000h\000m\000i\000c\000\040\000P\000s\000e\000u\000d\000o\000c\000o\000d\000e\000\040\000a\000n\000d\000\040\000M\000e\000t\000h\000o\000d\000o\000l\000o\000g\000i\000c\000a\000l\000\040\000W\000o\000r\000k\000f\000l\000o\000w\000s}{section*.141}% 161
\BOOKMARK [3][-]{section*.164}{\376\377\000C\000l\000a\000s\000s\000i\000f\000i\000e\000r\000\040\000C\000h\000a\000i\000n\000\040\000T\000r\000a\000i\000n\000i\000n\000g\000\040\000P\000r\000o\000t\000o\000c\000o\000l}{section*.163}% 162
\BOOKMARK [3][-]{section*.165}{\376\377\000V\000e\000c\000t\000o\000r\000i\000z\000e\000d\000\040\000C\000o\000u\000n\000t\000e\000r\000f\000a\000c\000t\000u\000a\000l\000\040\000w\000a\000c\000h\000t\000e\000r\0002\0000\0001\0007\000c\000o\000u\000n\000t\000e\000r\000f\000a\000c\000t\000u\000a\000l\000\040\000S\000e\000a\000r\000c\000h\000\040\000S\000p\000a\000c\000e}{section*.163}% 163
\BOOKMARK [2][-]{section*.166}{\376\377\000A\000r\000c\000h\000i\000t\000e\000c\000t\000u\000r\000a\000l\000\040\000F\000l\000o\000w\000c\000h\000a\000r\000t\000\040\000o\000f\000\040\000D\000a\000t\000a\000\040\000P\000r\000o\000c\000e\000s\000s\000i\000n\000g}{section*.141}% 164
\BOOKMARK [2][-]{section*.167}{\376\377\000A\000l\000g\000o\000r\000i\000t\000h\000m\000i\000c\000\040\000P\000s\000e\000u\000d\000o\000c\000o\000d\000e\000\040\000a\000n\000d\000\040\000M\000e\000t\000h\000o\000d\000o\000l\000o\000g\000i\000c\000a\000l\000\040\000W\000o\000r\000k\000f\000l\000o\000w\000s}{section*.141}% 165
\BOOKMARK [3][-]{section*.168}{\376\377\000C\000l\000a\000s\000s\000i\000f\000i\000e\000r\000\040\000C\000h\000a\000i\000n\000\040\000T\000r\000a\000i\000n\000i\000n\000g\000\040\000P\000r\000o\000t\000o\000c\000o\000l}{section*.167}% 166
\BOOKMARK [3][-]{section*.169}{\376\377\000V\000e\000c\000t\000o\000r\000i\000z\000e\000d\000\040\000C\000o\000u\000n\000t\000e\000r\000f\000a\000c\000t\000u\000a\000l\000\040\000w\000a\000c\000h\000t\000e\000r\0002\0000\0001\0007\000c\000o\000u\000n\000t\000e\000r\000f\000a\000c\000t\000u\000a\000l\000\040\000S\000e\000a\000r\000c\000h\000\040\000S\000p\000a\000c\000e}{section*.167}% 167
\BOOKMARK [2][-]{section*.170}{\376\377\000A\000r\000c\000h\000i\000t\000e\000c\000t\000u\000r\000a\000l\000\040\000F\000l\000o\000w\000c\000h\000a\000r\000t\000\040\000o\000f\000\040\000D\000a\000t\000a\000\040\000P\000r\000o\000c\000e\000s\000s\000i\000n\000g}{section*.141}% 168
\BOOKMARK [2][-]{section*.171}{\376\377\000A\000l\000g\000o\000r\000i\000t\000h\000m\000i\000c\000\040\000P\000s\000e\000u\000d\000o\000c\000o\000d\000e\000\040\000a\000n\000d\000\040\000M\000e\000t\000h\000o\000d\000o\000l\000o\000g\000i\000c\000a\000l\000\040\000W\000o\000r\000k\000f\000l\000o\000w\000s}{section*.141}% 169
\BOOKMARK [3][-]{section*.172}{\376\377\000C\000l\000a\000s\000s\000i\000f\000i\000e\000r\000\040\000C\000h\000a\000i\000n\000\040\000T\000r\000a\000i\000n\000i\000n\000g\000\040\000P\000r\000o\000t\000o\000c\000o\000l}{section*.171}% 170
\BOOKMARK [3][-]{section*.173}{\376\377\000V\000e\000c\000t\000o\000r\000i\000z\000e\000d\000\040\000C\000o\000u\000n\000t\000e\000r\000f\000a\000c\000t\000u\000a\000l\000\040\000w\000a\000c\000h\000t\000e\000r\0002\0000\0001\0007\000c\000o\000u\000n\000t\000e\000r\000f\000a\000c\000t\000u\000a\000l\000\040\000S\000e\000a\000r\000c\000h\000\040\000S\000p\000a\000c\000e}{section*.171}% 171
\BOOKMARK [2][-]{section*.174}{\376\377\000A\000r\000c\000h\000i\000t\000e\000c\000t\000u\000r\000a\000l\000\040\000F\000l\000o\000w\000c\000h\000a\000r\000t\000\040\000o\000f\000\040\000D\000a\000t\000a\000\040\000P\000r\000o\000c\000e\000s\000s\000i\000n\000g}{section*.141}% 172
\BOOKMARK [2][-]{section*.175}{\376\377\000A\000l\000g\000o\000r\000i\000t\000h\000m\000i\000c\000\040\000P\000s\000e\000u\000d\000o\000c\000o\000d\000e\000\040\000a\000n\000d\000\040\000M\000e\000t\000h\000o\000d\000o\000l\000o\000g\000i\000c\000a\000l\000\040\000W\000o\000r\000k\000f\000l\000o\000w\000s}{section*.141}% 173
\BOOKMARK [3][-]{section*.176}{\376\377\000C\000l\000a\000s\000s\000i\000f\000i\000e\000r\000\040\000C\000h\000a\000i\000n\000\040\000T\000r\000a\000i\000n\000i\000n\000g\000\040\000P\000r\000o\000t\000o\000c\000o\000l}{section*.175}% 174
\BOOKMARK [3][-]{section*.177}{\376\377\000V\000e\000c\000t\000o\000r\000i\000z\000e\000d\000\040\000C\000o\000u\000n\000t\000e\000r\000f\000a\000c\000t\000u\000a\000l\000\040\000w\000a\000c\000h\000t\000e\000r\0002\0000\0001\0007\000c\000o\000u\000n\000t\000e\000r\000f\000a\000c\000t\000u\000a\000l\000\040\000S\000e\000a\000r\000c\000h\000\040\000S\000p\000a\000c\000e}{section*.175}% 175
\BOOKMARK [2][-]{section*.178}{\376\377\000A\000r\000c\000h\000i\000t\000e\000c\000t\000u\000r\000a\000l\000\040\000F\000l\000o\000w\000c\000h\000a\000r\000t\000\040\000o\000f\000\040\000D\000a\000t\000a\000\040\000P\000r\000o\000c\000e\000s\000s\000i\000n\000g}{section*.141}% 176
\BOOKMARK [2][-]{section*.179}{\376\377\000A\000l\000g\000o\000r\000i\000t\000h\000m\000i\000c\000\040\000P\000s\000e\000u\000d\000o\000c\000o\000d\000e\000\040\000a\000n\000d\000\040\000M\000e\000t\000h\000o\000d\000o\000l\000o\000g\000i\000c\000a\000l\000\040\000W\000o\000r\000k\000f\000l\000o\000w\000s}{section*.141}% 177
\BOOKMARK [3][-]{section*.180}{\376\377\000C\000l\000a\000s\000s\000i\000f\000i\000e\000r\000\040\000C\000h\000a\000i\000n\000\040\000T\000r\000a\000i\000n\000i\000n\000g\000\040\000P\000r\000o\000t\000o\000c\000o\000l}{section*.179}% 178
\BOOKMARK [3][-]{section*.181}{\376\377\000V\000e\000c\000t\000o\000r\000i\000z\000e\000d\000\040\000C\000o\000u\000n\000t\000e\000r\000f\000a\000c\000t\000u\000a\000l\000\040\000w\000a\000c\000h\000t\000e\000r\0002\0000\0001\0007\000c\000o\000u\000n\000t\000e\000r\000f\000a\000c\000t\000u\000a\000l\000\040\000S\000e\000a\000r\000c\000h\000\040\000S\000p\000a\000c\000e}{section*.179}% 179
\BOOKMARK [2][-]{section*.182}{\376\377\000A\000r\000c\000h\000i\000t\000e\000c\000t\000u\000r\000a\000l\000\040\000F\000l\000o\000w\000c\000h\000a\000r\000t\000\040\000o\000f\000\040\000D\000a\000t\000a\000\040\000P\000r\000o\000c\000e\000s\000s\000i\000n\000g}{section*.141}% 180
\BOOKMARK [2][-]{section*.183}{\376\377\000A\000l\000g\000o\000r\000i\000t\000h\000m\000i\000c\000\040\000P\000s\000e\000u\000d\000o\000c\000o\000d\000e\000\040\000a\000n\000d\000\040\000M\000e\000t\000h\000o\000d\000o\000l\000o\000g\000i\000c\000a\000l\000\040\000W\000o\000r\000k\000f\000l\000o\000w\000s}{section*.141}% 181
\BOOKMARK [3][-]{section*.184}{\376\377\000C\000l\000a\000s\000s\000i\000f\000i\000e\000r\000\040\000C\000h\000a\000i\000n\000\040\000T\000r\000a\000i\000n\000i\000n\000g\000\040\000P\000r\000o\000t\000o\000c\000o\000l}{section*.183}% 182
\BOOKMARK [3][-]{section*.185}{\376\377\000V\000e\000c\000t\000o\000r\000i\000z\000e\000d\000\040\000C\000o\000u\000n\000t\000e\000r\000f\000a\000c\000t\000u\000a\000l\000\040\000w\000a\000c\000h\000t\000e\000r\0002\0000\0001\0007\000c\000o\000u\000n\000t\000e\000r\000f\000a\000c\000t\000u\000a\000l\000\040\000S\000e\000a\000r\000c\000h\000\040\000S\000p\000a\000c\000e}{section*.183}% 183
\BOOKMARK [2][-]{section*.186}{\376\377\000A\000r\000c\000h\000i\000t\000e\000c\000t\000u\000r\000a\000l\000\040\000F\000l\000o\000w\000c\000h\000a\000r\000t\000\040\000o\000f\000\040\000D\000a\000t\000a\000\040\000P\000r\000o\000c\000e\000s\000s\000i\000n\000g}{section*.141}% 184
\BOOKMARK [2][-]{section*.187}{\376\377\000A\000l\000g\000o\000r\000i\000t\000h\000m\000i\000c\000\040\000P\000s\000e\000u\000d\000o\000c\000o\000d\000e\000\040\000a\000n\000d\000\040\000M\000e\000t\000h\000o\000d\000o\000l\000o\000g\000i\000c\000a\000l\000\040\000W\000o\000r\000k\000f\000l\000o\000w\000s}{section*.141}% 185
\BOOKMARK [3][-]{section*.188}{\376\377\000C\000l\000a\000s\000s\000i\000f\000i\000e\000r\000\040\000C\000h\000a\000i\000n\000\040\000T\000r\000a\000i\000n\000i\000n\000g\000\040\000P\000r\000o\000t\000o\000c\000o\000l}{section*.187}% 186
\BOOKMARK [3][-]{section*.189}{\376\377\000V\000e\000c\000t\000o\000r\000i\000z\000e\000d\000\040\000C\000o\000u\000n\000t\000e\000r\000f\000a\000c\000t\000u\000a\000l\000\040\000w\000a\000c\000h\000t\000e\000r\0002\0000\0001\0007\000c\000o\000u\000n\000t\000e\000r\000f\000a\000c\000t\000u\000a\000l\000\040\000S\000e\000a\000r\000c\000h\000\040\000S\000p\000a\000c\000e}{section*.187}% 187
\BOOKMARK [2][-]{section*.190}{\376\377\000A\000r\000c\000h\000i\000t\000e\000c\000t\000u\000r\000a\000l\000\040\000F\000l\000o\000w\000c\000h\000a\000r\000t\000\040\000o\000f\000\040\000D\000a\000t\000a\000\040\000P\000r\000o\000c\000e\000s\000s\000i\000n\000g}{section*.141}% 188
\BOOKMARK [2][-]{section*.191}{\376\377\000A\000l\000g\000o\000r\000i\000t\000h\000m\000i\000c\000\040\000P\000s\000e\000u\000d\000o\000c\000o\000d\000e\000\040\000a\000n\000d\000\040\000M\000e\000t\000h\000o\000d\000o\000l\000o\000g\000i\000c\000a\000l\000\040\000W\000o\000r\000k\000f\000l\000o\000w\000s}{section*.141}% 189
\BOOKMARK [3][-]{section*.192}{\376\377\000C\000l\000a\000s\000s\000i\000f\000i\000e\000r\000\040\000C\000h\000a\000i\000n\000\040\000T\000r\000a\000i\000n\000i\000n\000g\000\040\000P\000r\000o\000t\000o\000c\000o\000l}{section*.191}% 190
\BOOKMARK [3][-]{section*.193}{\376\377\000V\000e\000c\000t\000o\000r\000i\000z\000e\000d\000\040\000C\000o\000u\000n\000t\000e\000r\000f\000a\000c\000t\000u\000a\000l\000\040\000w\000a\000c\000h\000t\000e\000r\0002\0000\0001\0007\000c\000o\000u\000n\000t\000e\000r\000f\000a\000c\000t\000u\000a\000l\000\040\000S\000e\000a\000r\000c\000h\000\040\000S\000p\000a\000c\000e}{section*.191}% 191
\BOOKMARK [2][-]{section*.194}{\376\377\000A\000r\000c\000h\000i\000t\000e\000c\000t\000u\000r\000a\000l\000\040\000F\000l\000o\000w\000c\000h\000a\000r\000t\000\040\000o\000f\000\040\000D\000a\000t\000a\000\040\000P\000r\000o\000c\000e\000s\000s\000i\000n\000g}{section*.141}% 192
\BOOKMARK [2][-]{section*.195}{\376\377\000A\000l\000g\000o\000r\000i\000t\000h\000m\000i\000c\000\040\000P\000s\000e\000u\000d\000o\000c\000o\000d\000e\000\040\000a\000n\000d\000\040\000M\000e\000t\000h\000o\000d\000o\000l\000o\000g\000i\000c\000a\000l\000\040\000W\000o\000r\000k\000f\000l\000o\000w\000s}{section*.141}% 193
\BOOKMARK [3][-]{section*.196}{\376\377\000C\000l\000a\000s\000s\000i\000f\000i\000e\000r\000\040\000C\000h\000a\000i\000n\000\040\000T\000r\000a\000i\000n\000i\000n\000g\000\040\000P\000r\000o\000t\000o\000c\000o\000l}{section*.195}% 194
\BOOKMARK [3][-]{section*.197}{\376\377\000V\000e\000c\000t\000o\000r\000i\000z\000e\000d\000\040\000C\000o\000u\000n\000t\000e\000r\000f\000a\000c\000t\000u\000a\000l\000\040\000w\000a\000c\000h\000t\000e\000r\0002\0000\0001\0007\000c\000o\000u\000n\000t\000e\000r\000f\000a\000c\000t\000u\000a\000l\000\040\000S\000e\000a\000r\000c\000h\000\040\000S\000p\000a\000c\000e}{section*.195}% 195
\BOOKMARK [2][-]{section*.198}{\376\377\000A\000r\000c\000h\000i\000t\000e\000c\000t\000u\000r\000a\000l\000\040\000F\000l\000o\000w\000c\000h\000a\000r\000t\000\040\000o\000f\000\040\000D\000a\000t\000a\000\040\000P\000r\000o\000c\000e\000s\000s\000i\000n\000g}{section*.141}% 196
\BOOKMARK [2][-]{section*.199}{\376\377\000A\000l\000g\000o\000r\000i\000t\000h\000m\000i\000c\000\040\000P\000s\000e\000u\000d\000o\000c\000o\000d\000e\000\040\000a\000n\000d\000\040\000M\000e\000t\000h\000o\000d\000o\000l\000o\000g\000i\000c\000a\000l\000\040\000W\000o\000r\000k\000f\000l\000o\000w\000s}{section*.141}% 197
\BOOKMARK [3][-]{section*.200}{\376\377\000C\000l\000a\000s\000s\000i\000f\000i\000e\000r\000\040\000C\000h\000a\000i\000n\000\040\000T\000r\000a\000i\000n\000i\000n\000g\000\040\000P\000r\000o\000t\000o\000c\000o\000l}{section*.199}% 198
\BOOKMARK [3][-]{section*.201}{\376\377\000V\000e\000c\000t\000o\000r\000i\000z\000e\000d\000\040\000C\000o\000u\000n\000t\000e\000r\000f\000a\000c\000t\000u\000a\000l\000\040\000w\000a\000c\000h\000t\000e\000r\0002\0000\0001\0007\000c\000o\000u\000n\000t\000e\000r\000f\000a\000c\000t\000u\000a\000l\000\040\000S\000e\000a\000r\000c\000h\000\040\000S\000p\000a\000c\000e}{section*.199}% 199
\BOOKMARK [2][-]{section*.202}{\376\377\000A\000r\000c\000h\000i\000t\000e\000c\000t\000u\000r\000a\000l\000\040\000F\000l\000o\000w\000c\000h\000a\000r\000t\000\040\000o\000f\000\040\000D\000a\000t\000a\000\040\000P\000r\000o\000c\000e\000s\000s\000i\000n\000g}{section*.141}% 200
\BOOKMARK [2][-]{section*.203}{\376\377\000A\000l\000g\000o\000r\000i\000t\000h\000m\000i\000c\000\040\000P\000s\000e\000u\000d\000o\000c\000o\000d\000e\000\040\000a\000n\000d\000\040\000M\000e\000t\000h\000o\000d\000o\000l\000o\000g\000i\000c\000a\000l\000\040\000W\000o\000r\000k\000f\000l\000o\000w\000s}{section*.141}% 201
\BOOKMARK [3][-]{section*.204}{\376\377\000C\000l\000a\000s\000s\000i\000f\000i\000e\000r\000\040\000C\000h\000a\000i\000n\000\040\000T\000r\000a\000i\000n\000i\000n\000g\000\040\000P\000r\000o\000t\000o\000c\000o\000l}{section*.203}% 202
\BOOKMARK [3][-]{section*.205}{\376\377\000V\000e\000c\000t\000o\000r\000i\000z\000e\000d\000\040\000C\000o\000u\000n\000t\000e\000r\000f\000a\000c\000t\000u\000a\000l\000\040\000w\000a\000c\000h\000t\000e\000r\0002\0000\0001\0007\000c\000o\000u\000n\000t\000e\000r\000f\000a\000c\000t\000u\000a\000l\000\040\000S\000e\000a\000r\000c\000h\000\040\000S\000p\000a\000c\000e}{section*.203}% 203
\BOOKMARK [2][-]{section*.206}{\376\377\000A\000r\000c\000h\000i\000t\000e\000c\000t\000u\000r\000a\000l\000\040\000F\000l\000o\000w\000c\000h\000a\000r\000t\000\040\000o\000f\000\040\000D\000a\000t\000a\000\040\000P\000r\000o\000c\000e\000s\000s\000i\000n\000g}{section*.141}% 204
\BOOKMARK [2][-]{section*.207}{\376\377\000A\000l\000g\000o\000r\000i\000t\000h\000m\000i\000c\000\040\000P\000s\000e\000u\000d\000o\000c\000o\000d\000e\000\040\000a\000n\000d\000\040\000M\000e\000t\000h\000o\000d\000o\000l\000o\000g\000i\000c\000a\000l\000\040\000W\000o\000r\000k\000f\000l\000o\000w\000s}{section*.141}% 205
\BOOKMARK [3][-]{section*.208}{\376\377\000C\000l\000a\000s\000s\000i\000f\000i\000e\000r\000\040\000C\000h\000a\000i\000n\000\040\000T\000r\000a\000i\000n\000i\000n\000g\000\040\000P\000r\000o\000t\000o\000c\000o\000l}{section*.207}% 206
\BOOKMARK [3][-]{section*.209}{\376\377\000V\000e\000c\000t\000o\000r\000i\000z\000e\000d\000\040\000C\000o\000u\000n\000t\000e\000r\000f\000a\000c\000t\000u\000a\000l\000\040\000w\000a\000c\000h\000t\000e\000r\0002\0000\0001\0007\000c\000o\000u\000n\000t\000e\000r\000f\000a\000c\000t\000u\000a\000l\000\040\000S\000e\000a\000r\000c\000h\000\040\000S\000p\000a\000c\000e}{section*.207}% 207
\BOOKMARK [2][-]{section*.210}{\376\377\000A\000r\000c\000h\000i\000t\000e\000c\000t\000u\000r\000a\000l\000\040\000F\000l\000o\000w\000c\000h\000a\000r\000t\000\040\000o\000f\000\040\000D\000a\000t\000a\000\040\000P\000r\000o\000c\000e\000s\000s\000i\000n\000g}{section*.141}% 208
\BOOKMARK [2][-]{section*.211}{\376\377\000A\000l\000g\000o\000r\000i\000t\000h\000m\000i\000c\000\040\000P\000s\000e\000u\000d\000o\000c\000o\000d\000e\000\040\000a\000n\000d\000\040\000M\000e\000t\000h\000o\000d\000o\000l\000o\000g\000i\000c\000a\000l\000\040\000W\000o\000r\000k\000f\000l\000o\000w\000s}{section*.141}% 209
\BOOKMARK [3][-]{section*.212}{\376\377\000C\000l\000a\000s\000s\000i\000f\000i\000e\000r\000\040\000C\000h\000a\000i\000n\000\040\000T\000r\000a\000i\000n\000i\000n\000g\000\040\000P\000r\000o\000t\000o\000c\000o\000l}{section*.211}% 210
\BOOKMARK [3][-]{section*.213}{\376\377\000V\000e\000c\000t\000o\000r\000i\000z\000e\000d\000\040\000C\000o\000u\000n\000t\000e\000r\000f\000a\000c\000t\000u\000a\000l\000\040\000w\000a\000c\000h\000t\000e\000r\0002\0000\0001\0007\000c\000o\000u\000n\000t\000e\000r\000f\000a\000c\000t\000u\000a\000l\000\040\000S\000e\000a\000r\000c\000h\000\040\000S\000p\000a\000c\000e}{section*.211}% 211
\BOOKMARK [2][-]{section*.214}{\376\377\000A\000r\000c\000h\000i\000t\000e\000c\000t\000u\000r\000a\000l\000\040\000F\000l\000o\000w\000c\000h\000a\000r\000t\000\040\000o\000f\000\040\000D\000a\000t\000a\000\040\000P\000r\000o\000c\000e\000s\000s\000i\000n\000g}{section*.141}% 212
\BOOKMARK [1][-]{section*.215}{\376\377\000D\000a\000t\000a\000\040\000P\000r\000e\000s\000e\000n\000t\000a\000t\000i\000o\000n\000,\000\040\000A\000n\000a\000l\000y\000s\000i\000s\000,\000\040\000M\000o\000d\000e\000l\000l\000i\000n\000g\000,\000\040\000I\000n\000t\000e\000r\000p\000r\000e\000t\000a\000t\000i\000o\000n\000,\000\040\000a\000n\000d\000\040\000D\000i\000s\000c\000u\000s\000s\000i\000o\000n\000\040\000o\000f\000\040\000F\000i\000n\000d\000i\000n\000g\000s}{}% 213
\BOOKMARK [2][-]{section*.216}{\376\377\000P\000r\000o\000f\000i\000l\000e\000\040\000o\000f\000\040\000t\000h\000e\000\040\000D\000a\000t\000a\000s\000e\000t\000\040\000a\000n\000d\000\040\000T\000a\000r\000g\000e\000t\000\040\000S\000y\000n\000t\000h\000e\000s\000i\000s}{section*.215}% 214
\BOOKMARK [2][-]{section*.217}{\376\377\000E\000x\000p\000l\000o\000r\000a\000t\000o\000r\000y\000\040\000D\000a\000t\000a\000\040\000A\000n\000a\000l\000y\000s\000i\000s\000\040\000a\000n\000d\000\040\000P\000r\000e\000p\000r\000o\000c\000e\000s\000s\000i\000n\000g}{section*.215}% 215
\BOOKMARK [2][-]{section*.222}{\376\377\000M\000o\000d\000e\000l\000\040\000T\000r\000a\000i\000n\000i\000n\000g\000\040\000a\000n\000d\000\040\000A\000l\000g\000o\000r\000i\000t\000h\000m\000i\000c\000\040\000E\000v\000a\000l\000u\000a\000t\000i\000o\000n}{section*.215}% 216
\BOOKMARK [3][-]{section*.226}{\376\377\000I\000n\000t\000e\000r\000p\000r\000e\000t\000a\000t\000i\000o\000n\000\040\000o\000f\000\040\000t\000h\000e\000\040\000A\000l\000g\000o\000r\000i\000t\000h\000m\000i\000c\000\040\000D\000i\000v\000e\000r\000g\000e\000n\000c\000e}{section*.222}% 217
\BOOKMARK [2][-]{section*.227}{\376\377\000C\000o\000u\000n\000t\000e\000r\000f\000a\000c\000t\000u\000a\000l\000\040\000G\000e\000n\000e\000r\000a\000t\000i\000o\000n\000\040\000f\000o\000r\000\040\000E\000x\000p\000l\000a\000i\000n\000a\000b\000l\000e\000\040\000A\000I\000\040\000\050\000X\000A\000I\000\051}{section*.215}% 218
\BOOKMARK [3][-]{section*.228}{\376\377\000E\000m\000p\000i\000r\000i\000c\000a\000l\000\040\000C\000o\000u\000n\000t\000e\000r\000f\000a\000c\000t\000u\000a\000l\000\040\000w\000a\000c\000h\000t\000e\000r\0002\0000\0001\0007\000c\000o\000u\000n\000t\000e\000r\000f\000a\000c\000t\000u\000a\000l\000\040\000D\000e\000m\000o\000n\000s\000t\000r\000a\000t\000i\000o\000n}{section*.227}% 219
\BOOKMARK [2][-]{section*.229}{\376\377\000I\000m\000p\000l\000i\000c\000a\000t\000i\000o\000n\000\040\000o\000f\000\040\000t\000h\000e\000\040\000F\000i\000n\000d\000i\000n\000g\000s}{section*.215}% 220
\BOOKMARK [2][-]{section*.230}{\376\377\000E\000x\000t\000e\000n\000d\000e\000d\000\040\000A\000n\000a\000l\000y\000s\000i\000s\000\040\000o\000f\000\040\000M\000u\000l\000t\000i\000-\000L\000a\000b\000e\000l\000\040\000t\000s\000o\000u\000m\000a\000k\000a\000s\0002\0000\0000\0007\000m\000u\000l\000t\000i\000\040\000C\000l\000a\000s\000s\000\040\000D\000i\000s\000t\000r\000i\000b\000u\000t\000i\000o\000n\000s}{section*.215}% 221
\BOOKMARK [3][-]{section*.232}{\376\377\000P\000e\000r\000-\000C\000l\000a\000s\000s\000\040\000P\000e\000r\000f\000o\000r\000m\000a\000n\000c\000e\000\040\000D\000e\000g\000r\000a\000d\000a\000t\000i\000o\000n}{section*.230}% 222
\BOOKMARK [2][-]{section*.234}{\376\377\000E\000x\000t\000e\000n\000d\000e\000d\000\040\000A\000n\000a\000l\000y\000s\000i\000s\000\040\000o\000f\000\040\000M\000u\000l\000t\000i\000-\000L\000a\000b\000e\000l\000\040\000t\000s\000o\000u\000m\000a\000k\000a\000s\0002\0000\0000\0007\000m\000u\000l\000t\000i\000\040\000C\000l\000a\000s\000s\000\040\000D\000i\000s\000t\000r\000i\000b\000u\000t\000i\000o\000n\000s}{section*.215}% 223
\BOOKMARK [3][-]{section*.236}{\376\377\000P\000e\000r\000-\000C\000l\000a\000s\000s\000\040\000P\000e\000r\000f\000o\000r\000m\000a\000n\000c\000e\000\040\000D\000e\000g\000r\000a\000d\000a\000t\000i\000o\000n}{section*.234}% 224
\BOOKMARK [2][-]{section*.238}{\376\377\000E\000x\000t\000e\000n\000d\000e\000d\000\040\000A\000n\000a\000l\000y\000s\000i\000s\000\040\000o\000f\000\040\000M\000u\000l\000t\000i\000-\000L\000a\000b\000e\000l\000\040\000t\000s\000o\000u\000m\000a\000k\000a\000s\0002\0000\0000\0007\000m\000u\000l\000t\000i\000\040\000C\000l\000a\000s\000s\000\040\000D\000i\000s\000t\000r\000i\000b\000u\000t\000i\000o\000n\000s}{section*.215}% 225
\BOOKMARK [3][-]{section*.240}{\376\377\000P\000e\000r\000-\000C\000l\000a\000s\000s\000\040\000P\000e\000r\000f\000o\000r\000m\000a\000n\000c\000e\000\040\000D\000e\000g\000r\000a\000d\000a\000t\000i\000o\000n}{section*.238}% 226
\BOOKMARK [2][-]{section*.242}{\376\377\000E\000x\000t\000e\000n\000d\000e\000d\000\040\000A\000n\000a\000l\000y\000s\000i\000s\000\040\000o\000f\000\040\000M\000u\000l\000t\000i\000-\000L\000a\000b\000e\000l\000\040\000t\000s\000o\000u\000m\000a\000k\000a\000s\0002\0000\0000\0007\000m\000u\000l\000t\000i\000\040\000C\000l\000a\000s\000s\000\040\000D\000i\000s\000t\000r\000i\000b\000u\000t\000i\000o\000n\000s}{section*.215}% 227
\BOOKMARK [3][-]{section*.244}{\376\377\000P\000e\000r\000-\000C\000l\000a\000s\000s\000\040\000P\000e\000r\000f\000o\000r\000m\000a\000n\000c\000e\000\040\000D\000e\000g\000r\000a\000d\000a\000t\000i\000o\000n}{section*.242}% 228
\BOOKMARK [2][-]{section*.246}{\376\377\000E\000x\000t\000e\000n\000d\000e\000d\000\040\000A\000n\000a\000l\000y\000s\000i\000s\000\040\000o\000f\000\040\000M\000u\000l\000t\000i\000-\000L\000a\000b\000e\000l\000\040\000t\000s\000o\000u\000m\000a\000k\000a\000s\0002\0000\0000\0007\000m\000u\000l\000t\000i\000\040\000C\000l\000a\000s\000s\000\040\000D\000i\000s\000t\000r\000i\000b\000u\000t\000i\000o\000n\000s}{section*.215}% 229
\BOOKMARK [3][-]{section*.248}{\376\377\000P\000e\000r\000-\000C\000l\000a\000s\000s\000\040\000P\000e\000r\000f\000o\000r\000m\000a\000n\000c\000e\000\040\000D\000e\000g\000r\000a\000d\000a\000t\000i\000o\000n}{section*.246}% 230
\BOOKMARK [2][-]{section*.250}{\376\377\000E\000x\000t\000e\000n\000d\000e\000d\000\040\000A\000n\000a\000l\000y\000s\000i\000s\000\040\000o\000f\000\040\000M\000u\000l\000t\000i\000-\000L\000a\000b\000e\000l\000\040\000t\000s\000o\000u\000m\000a\000k\000a\000s\0002\0000\0000\0007\000m\000u\000l\000t\000i\000\040\000C\000l\000a\000s\000s\000\040\000D\000i\000s\000t\000r\000i\000b\000u\000t\000i\000o\000n\000s}{section*.215}% 231
\BOOKMARK [3][-]{section*.252}{\376\377\000P\000e\000r\000-\000C\000l\000a\000s\000s\000\040\000P\000e\000r\000f\000o\000r\000m\000a\000n\000c\000e\000\040\000D\000e\000g\000r\000a\000d\000a\000t\000i\000o\000n}{section*.250}% 232
\BOOKMARK [2][-]{section*.254}{\376\377\000E\000x\000t\000e\000n\000d\000e\000d\000\040\000A\000n\000a\000l\000y\000s\000i\000s\000\040\000o\000f\000\040\000M\000u\000l\000t\000i\000-\000L\000a\000b\000e\000l\000\040\000t\000s\000o\000u\000m\000a\000k\000a\000s\0002\0000\0000\0007\000m\000u\000l\000t\000i\000\040\000C\000l\000a\000s\000s\000\040\000D\000i\000s\000t\000r\000i\000b\000u\000t\000i\000o\000n\000s}{section*.215}% 233
\BOOKMARK [3][-]{section*.256}{\376\377\000P\000e\000r\000-\000C\000l\000a\000s\000s\000\040\000P\000e\000r\000f\000o\000r\000m\000a\000n\000c\000e\000\040\000D\000e\000g\000r\000a\000d\000a\000t\000i\000o\000n}{section*.254}% 234
\BOOKMARK [2][-]{section*.258}{\376\377\000E\000x\000t\000e\000n\000d\000e\000d\000\040\000A\000n\000a\000l\000y\000s\000i\000s\000\040\000o\000f\000\040\000M\000u\000l\000t\000i\000-\000L\000a\000b\000e\000l\000\040\000t\000s\000o\000u\000m\000a\000k\000a\000s\0002\0000\0000\0007\000m\000u\000l\000t\000i\000\040\000C\000l\000a\000s\000s\000\040\000D\000i\000s\000t\000r\000i\000b\000u\000t\000i\000o\000n\000s}{section*.215}% 235
\BOOKMARK [3][-]{section*.260}{\376\377\000P\000e\000r\000-\000C\000l\000a\000s\000s\000\040\000P\000e\000r\000f\000o\000r\000m\000a\000n\000c\000e\000\040\000D\000e\000g\000r\000a\000d\000a\000t\000i\000o\000n}{section*.258}% 236
\BOOKMARK [2][-]{section*.262}{\376\377\000E\000x\000t\000e\000n\000d\000e\000d\000\040\000A\000n\000a\000l\000y\000s\000i\000s\000\040\000o\000f\000\040\000M\000u\000l\000t\000i\000-\000L\000a\000b\000e\000l\000\040\000t\000s\000o\000u\000m\000a\000k\000a\000s\0002\0000\0000\0007\000m\000u\000l\000t\000i\000\040\000C\000l\000a\000s\000s\000\040\000D\000i\000s\000t\000r\000i\000b\000u\000t\000i\000o\000n\000s}{section*.215}% 237
\BOOKMARK [3][-]{section*.264}{\376\377\000P\000e\000r\000-\000C\000l\000a\000s\000s\000\040\000P\000e\000r\000f\000o\000r\000m\000a\000n\000c\000e\000\040\000D\000e\000g\000r\000a\000d\000a\000t\000i\000o\000n}{section*.262}% 238
\BOOKMARK [2][-]{section*.266}{\376\377\000E\000x\000t\000e\000n\000d\000e\000d\000\040\000A\000n\000a\000l\000y\000s\000i\000s\000\040\000o\000f\000\040\000M\000u\000l\000t\000i\000-\000L\000a\000b\000e\000l\000\040\000t\000s\000o\000u\000m\000a\000k\000a\000s\0002\0000\0000\0007\000m\000u\000l\000t\000i\000\040\000C\000l\000a\000s\000s\000\040\000D\000i\000s\000t\000r\000i\000b\000u\000t\000i\000o\000n\000s}{section*.215}% 239
\BOOKMARK [3][-]{section*.268}{\376\377\000P\000e\000r\000-\000C\000l\000a\000s\000s\000\040\000P\000e\000r\000f\000o\000r\000m\000a\000n\000c\000e\000\040\000D\000e\000g\000r\000a\000d\000a\000t\000i\000o\000n}{section*.266}% 240
\BOOKMARK [2][-]{section*.270}{\376\377\000E\000x\000t\000e\000n\000d\000e\000d\000\040\000A\000n\000a\000l\000y\000s\000i\000s\000\040\000o\000f\000\040\000M\000u\000l\000t\000i\000-\000L\000a\000b\000e\000l\000\040\000t\000s\000o\000u\000m\000a\000k\000a\000s\0002\0000\0000\0007\000m\000u\000l\000t\000i\000\040\000C\000l\000a\000s\000s\000\040\000D\000i\000s\000t\000r\000i\000b\000u\000t\000i\000o\000n\000s}{section*.215}% 241
\BOOKMARK [3][-]{section*.272}{\376\377\000P\000e\000r\000-\000C\000l\000a\000s\000s\000\040\000P\000e\000r\000f\000o\000r\000m\000a\000n\000c\000e\000\040\000D\000e\000g\000r\000a\000d\000a\000t\000i\000o\000n}{section*.270}% 242
\BOOKMARK [2][-]{section*.274}{\376\377\000E\000x\000t\000e\000n\000d\000e\000d\000\040\000A\000n\000a\000l\000y\000s\000i\000s\000\040\000o\000f\000\040\000M\000u\000l\000t\000i\000-\000L\000a\000b\000e\000l\000\040\000t\000s\000o\000u\000m\000a\000k\000a\000s\0002\0000\0000\0007\000m\000u\000l\000t\000i\000\040\000C\000l\000a\000s\000s\000\040\000D\000i\000s\000t\000r\000i\000b\000u\000t\000i\000o\000n\000s}{section*.215}% 243
\BOOKMARK [3][-]{section*.276}{\376\377\000P\000e\000r\000-\000C\000l\000a\000s\000s\000\040\000P\000e\000r\000f\000o\000r\000m\000a\000n\000c\000e\000\040\000D\000e\000g\000r\000a\000d\000a\000t\000i\000o\000n}{section*.274}% 244
\BOOKMARK [2][-]{section*.278}{\376\377\000E\000x\000t\000e\000n\000d\000e\000d\000\040\000A\000n\000a\000l\000y\000s\000i\000s\000\040\000o\000f\000\040\000M\000u\000l\000t\000i\000-\000L\000a\000b\000e\000l\000\040\000t\000s\000o\000u\000m\000a\000k\000a\000s\0002\0000\0000\0007\000m\000u\000l\000t\000i\000\040\000C\000l\000a\000s\000s\000\040\000D\000i\000s\000t\000r\000i\000b\000u\000t\000i\000o\000n\000s}{section*.215}% 245
\BOOKMARK [3][-]{section*.280}{\376\377\000P\000e\000r\000-\000C\000l\000a\000s\000s\000\040\000P\000e\000r\000f\000o\000r\000m\000a\000n\000c\000e\000\040\000D\000e\000g\000r\000a\000d\000a\000t\000i\000o\000n}{section*.278}% 246
\BOOKMARK [2][-]{section*.282}{\376\377\000E\000x\000t\000e\000n\000d\000e\000d\000\040\000A\000n\000a\000l\000y\000s\000i\000s\000\040\000o\000f\000\040\000M\000u\000l\000t\000i\000-\000L\000a\000b\000e\000l\000\040\000t\000s\000o\000u\000m\000a\000k\000a\000s\0002\0000\0000\0007\000m\000u\000l\000t\000i\000\040\000C\000l\000a\000s\000s\000\040\000D\000i\000s\000t\000r\000i\000b\000u\000t\000i\000o\000n\000s}{section*.215}% 247
\BOOKMARK [3][-]{section*.284}{\376\377\000P\000e\000r\000-\000C\000l\000a\000s\000s\000\040\000P\000e\000r\000f\000o\000r\000m\000a\000n\000c\000e\000\040\000D\000e\000g\000r\000a\000d\000a\000t\000i\000o\000n}{section*.282}% 248
\BOOKMARK [2][-]{section*.286}{\376\377\000E\000x\000t\000e\000n\000d\000e\000d\000\040\000A\000n\000a\000l\000y\000s\000i\000s\000\040\000o\000f\000\040\000M\000u\000l\000t\000i\000-\000L\000a\000b\000e\000l\000\040\000t\000s\000o\000u\000m\000a\000k\000a\000s\0002\0000\0000\0007\000m\000u\000l\000t\000i\000\040\000C\000l\000a\000s\000s\000\040\000D\000i\000s\000t\000r\000i\000b\000u\000t\000i\000o\000n\000s}{section*.215}% 249
\BOOKMARK [3][-]{section*.288}{\376\377\000P\000e\000r\000-\000C\000l\000a\000s\000s\000\040\000P\000e\000r\000f\000o\000r\000m\000a\000n\000c\000e\000\040\000D\000e\000g\000r\000a\000d\000a\000t\000i\000o\000n}{section*.286}% 250
\BOOKMARK [1][-]{section*.290}{\376\377\000S\000u\000m\000m\000a\000r\000y\000,\000\040\000C\000o\000n\000c\000l\000u\000s\000i\000o\000n\000,\000\040\000a\000n\000d\000\040\000R\000e\000c\000o\000m\000m\000e\000n\000d\000a\000t\000i\000o\000n\000s}{}% 251
\BOOKMARK [2][-]{section*.291}{\376\377\000S\000u\000m\000m\000a\000r\000y\000\040\000o\000f\000\040\000t\000h\000e\000\040\000S\000t\000u\000d\000y}{section*.290}% 252
\BOOKMARK [2][-]{section*.292}{\376\377\000C\000o\000n\000c\000l\000u\000s\000i\000o\000n}{section*.290}% 253
\BOOKMARK [2][-]{section*.293}{\376\377\000R\000e\000c\000o\000m\000m\000e\000n\000d\000a\000t\000i\000o\000n\000s\000\040\000f\000o\000r\000\040\000P\000o\000l\000i\000c\000y\000\040\000a\000n\000d\000\040\000P\000r\000a\000c\000t\000i\000c\000e}{section*.290}% 254
\BOOKMARK [2][-]{section*.294}{\376\377\000C\000o\000n\000t\000r\000i\000b\000u\000t\000i\000o\000n\000\040\000t\000o\000\040\000K\000n\000o\000w\000l\000e\000d\000g\000e}{section*.290}% 255
\BOOKMARK [2][-]{section*.295}{\376\377\000L\000i\000m\000i\000t\000a\000t\000i\000o\000n\000s\000\040\000o\000f\000\040\000t\000h\000e\000\040\000M\000e\000t\000h\000o\000d\000o\000l\000o\000g\000y}{section*.290}% 256
\BOOKMARK [2][-]{section*.296}{\376\377\000S\000u\000g\000g\000e\000s\000t\000i\000o\000n\000s\000\040\000f\000o\000r\000\040\000F\000u\000r\000t\000h\000e\000r\000\040\000S\000t\000u\000d\000i\000e\000s}{section*.290}% 257
\BOOKMARK [2][-]{section*.297}{\376\377\000S\000t\000r\000a\000t\000e\000g\000i\000c\000\040\000I\000m\000p\000l\000i\000c\000a\000t\000i\000o\000n\000s\000\040\000f\000o\000r\000\040\000t\000h\000e\000\040\000M\000i\000n\000i\000s\000t\000r\000y\000\040\000o\000f\000\040\000E\000d\000u\000c\000a\000t\000i\000o\000n\000\040\000\050\000M\000I\000N\000E\000D\000U\000C\000\051}{section*.290}% 258
\BOOKMARK [2][-]{section*.298}{\376\377\000L\000i\000m\000i\000t\000a\000t\000i\000o\000n\000s\000\040\000o\000f\000\040\000t\000h\000e\000\040\000C\000u\000r\000r\000e\000n\000t\000\040\000S\000t\000u\000d\000y}{section*.290}% 259
\BOOKMARK [2][-]{section*.299}{\376\377\000F\000i\000n\000a\000l\000\040\000R\000e\000c\000o\000m\000m\000e\000n\000d\000a\000t\000i\000o\000n\000s}{section*.290}% 260
\BOOKMARK [2][-]{section*.300}{\376\377\000S\000t\000r\000a\000t\000e\000g\000i\000c\000\040\000I\000m\000p\000l\000i\000c\000a\000t\000i\000o\000n\000s\000\040\000f\000o\000r\000\040\000t\000h\000e\000\040\000M\000i\000n\000i\000s\000t\000r\000y\000\040\000o\000f\000\040\000E\000d\000u\000c\000a\000t\000i\000o\000n\000\040\000\050\000M\000I\000N\000E\000D\000U\000C\000\051}{section*.290}% 261
\BOOKMARK [2][-]{section*.301}{\376\377\000L\000i\000m\000i\000t\000a\000t\000i\000o\000n\000s\000\040\000o\000f\000\040\000t\000h\000e\000\040\000C\000u\000r\000r\000e\000n\000t\000\040\000S\000t\000u\000d\000y}{section*.290}% 262
\BOOKMARK [2][-]{section*.302}{\376\377\000F\000i\000n\000a\000l\000\040\000R\000e\000c\000o\000m\000m\000e\000n\000d\000a\000t\000i\000o\000n\000s}{section*.290}% 263
\BOOKMARK [2][-]{section*.303}{\376\377\000S\000t\000r\000a\000t\000e\000g\000i\000c\000\040\000I\000m\000p\000l\000i\000c\000a\000t\000i\000o\000n\000s\000\040\000f\000o\000r\000\040\000t\000h\000e\000\040\000M\000i\000n\000i\000s\000t\000r\000y\000\040\000o\000f\000\040\000E\000d\000u\000c\000a\000t\000i\000o\000n\000\040\000\050\000M\000I\000N\000E\000D\000U\000C\000\051}{section*.290}% 264
\BOOKMARK [2][-]{section*.304}{\376\377\000L\000i\000m\000i\000t\000a\000t\000i\000o\000n\000s\000\040\000o\000f\000\040\000t\000h\000e\000\040\000C\000u\000r\000r\000e\000n\000t\000\040\000S\000t\000u\000d\000y}{section*.290}% 265
\BOOKMARK [2][-]{section*.305}{\376\377\000F\000i\000n\000a\000l\000\040\000R\000e\000c\000o\000m\000m\000e\000n\000d\000a\000t\000i\000o\000n\000s}{section*.290}% 266
\BOOKMARK [2][-]{section*.306}{\376\377\000S\000t\000r\000a\000t\000e\000g\000i\000c\000\040\000I\000m\000p\000l\000i\000c\000a\000t\000i\000o\000n\000s\000\040\000f\000o\000r\000\040\000t\000h\000e\000\040\000M\000i\000n\000i\000s\000t\000r\000y\000\040\000o\000f\000\040\000E\000d\000u\000c\000a\000t\000i\000o\000n\000\040\000\050\000M\000I\000N\000E\000D\000U\000C\000\051}{section*.290}% 267
\BOOKMARK [2][-]{section*.307}{\376\377\000L\000i\000m\000i\000t\000a\000t\000i\000o\000n\000s\000\040\000o\000f\000\040\000t\000h\000e\000\040\000C\000u\000r\000r\000e\000n\000t\000\040\000S\000t\000u\000d\000y}{section*.290}% 268
\BOOKMARK [2][-]{section*.308}{\376\377\000F\000i\000n\000a\000l\000\040\000R\000e\000c\000o\000m\000m\000e\000n\000d\000a\000t\000i\000o\000n\000s}{section*.290}% 269
\BOOKMARK [2][-]{section*.309}{\376\377\000S\000t\000r\000a\000t\000e\000g\000i\000c\000\040\000I\000m\000p\000l\000i\000c\000a\000t\000i\000o\000n\000s\000\040\000f\000o\000r\000\040\000t\000h\000e\000\040\000M\000i\000n\000i\000s\000t\000r\000y\000\040\000o\000f\000\040\000E\000d\000u\000c\000a\000t\000i\000o\000n\000\040\000\050\000M\000I\000N\000E\000D\000U\000C\000\051}{section*.290}% 270
\BOOKMARK [2][-]{section*.310}{\376\377\000L\000i\000m\000i\000t\000a\000t\000i\000o\000n\000s\000\040\000o\000f\000\040\000t\000h\000e\000\040\000C\000u\000r\000r\000e\000n\000t\000\040\000S\000t\000u\000d\000y}{section*.290}% 271
\BOOKMARK [2][-]{section*.311}{\376\377\000F\000i\000n\000a\000l\000\040\000R\000e\000c\000o\000m\000m\000e\000n\000d\000a\000t\000i\000o\000n\000s}{section*.290}% 272
\BOOKMARK [2][-]{section*.312}{\376\377\000S\000t\000r\000a\000t\000e\000g\000i\000c\000\040\000I\000m\000p\000l\000i\000c\000a\000t\000i\000o\000n\000s\000\040\000f\000o\000r\000\040\000t\000h\000e\000\040\000M\000i\000n\000i\000s\000t\000r\000y\000\040\000o\000f\000\040\000E\000d\000u\000c\000a\000t\000i\000o\000n\000\040\000\050\000M\000I\000N\000E\000D\000U\000C\000\051}{section*.290}% 273
\BOOKMARK [2][-]{section*.313}{\376\377\000L\000i\000m\000i\000t\000a\000t\000i\000o\000n\000s\000\040\000o\000f\000\040\000t\000h\000e\000\040\000C\000u\000r\000r\000e\000n\000t\000\040\000S\000t\000u\000d\000y}{section*.290}% 274
\BOOKMARK [2][-]{section*.314}{\376\377\000F\000i\000n\000a\000l\000\040\000R\000e\000c\000o\000m\000m\000e\000n\000d\000a\000t\000i\000o\000n\000s}{section*.290}% 275
\BOOKMARK [2][-]{section*.315}{\376\377\000S\000t\000r\000a\000t\000e\000g\000i\000c\000\040\000I\000m\000p\000l\000i\000c\000a\000t\000i\000o\000n\000s\000\040\000f\000o\000r\000\040\000t\000h\000e\000\040\000M\000i\000n\000i\000s\000t\000r\000y\000\040\000o\000f\000\040\000E\000d\000u\000c\000a\000t\000i\000o\000n\000\040\000\050\000M\000I\000N\000E\000D\000U\000C\000\051}{section*.290}% 276
\BOOKMARK [2][-]{section*.316}{\376\377\000L\000i\000m\000i\000t\000a\000t\000i\000o\000n\000s\000\040\000o\000f\000\040\000t\000h\000e\000\040\000C\000u\000r\000r\000e\000n\000t\000\040\000S\000t\000u\000d\000y}{section*.290}% 277
\BOOKMARK [2][-]{section*.317}{\376\377\000F\000i\000n\000a\000l\000\040\000R\000e\000c\000o\000m\000m\000e\000n\000d\000a\000t\000i\000o\000n\000s}{section*.290}% 278
\BOOKMARK [2][-]{section*.318}{\376\377\000S\000t\000r\000a\000t\000e\000g\000i\000c\000\040\000I\000m\000p\000l\000i\000c\000a\000t\000i\000o\000n\000s\000\040\000f\000o\000r\000\040\000t\000h\000e\000\040\000M\000i\000n\000i\000s\000t\000r\000y\000\040\000o\000f\000\040\000E\000d\000u\000c\000a\000t\000i\000o\000n\000\040\000\050\000M\000I\000N\000E\000D\000U\000C\000\051}{section*.290}% 279
\BOOKMARK [2][-]{section*.319}{\376\377\000L\000i\000m\000i\000t\000a\000t\000i\000o\000n\000s\000\040\000o\000f\000\040\000t\000h\000e\000\040\000C\000u\000r\000r\000e\000n\000t\000\040\000S\000t\000u\000d\000y}{section*.290}% 280
\BOOKMARK [2][-]{section*.320}{\376\377\000F\000i\000n\000a\000l\000\040\000R\000e\000c\000o\000m\000m\000e\000n\000d\000a\000t\000i\000o\000n\000s}{section*.290}% 281
\BOOKMARK [2][-]{section*.321}{\376\377\000S\000t\000r\000a\000t\000e\000g\000i\000c\000\040\000I\000m\000p\000l\000i\000c\000a\000t\000i\000o\000n\000s\000\040\000f\000o\000r\000\040\000t\000h\000e\000\040\000M\000i\000n\000i\000s\000t\000r\000y\000\040\000o\000f\000\040\000E\000d\000u\000c\000a\000t\000i\000o\000n\000\040\000\050\000M\000I\000N\000E\000D\000U\000C\000\051}{section*.290}% 282
\BOOKMARK [2][-]{section*.322}{\376\377\000L\000i\000m\000i\000t\000a\000t\000i\000o\000n\000s\000\040\000o\000f\000\040\000t\000h\000e\000\040\000C\000u\000r\000r\000e\000n\000t\000\040\000S\000t\000u\000d\000y}{section*.290}% 283
\BOOKMARK [2][-]{section*.323}{\376\377\000F\000i\000n\000a\000l\000\040\000R\000e\000c\000o\000m\000m\000e\000n\000d\000a\000t\000i\000o\000n\000s}{section*.290}% 284
\BOOKMARK [2][-]{section*.324}{\376\377\000S\000t\000r\000a\000t\000e\000g\000i\000c\000\040\000I\000m\000p\000l\000i\000c\000a\000t\000i\000o\000n\000s\000\040\000f\000o\000r\000\040\000t\000h\000e\000\040\000M\000i\000n\000i\000s\000t\000r\000y\000\040\000o\000f\000\040\000E\000d\000u\000c\000a\000t\000i\000o\000n\000\040\000\050\000M\000I\000N\000E\000D\000U\000C\000\051}{section*.290}% 285
\BOOKMARK [2][-]{section*.325}{\376\377\000L\000i\000m\000i\000t\000a\000t\000i\000o\000n\000s\000\040\000o\000f\000\040\000t\000h\000e\000\040\000C\000u\000r\000r\000e\000n\000t\000\040\000S\000t\000u\000d\000y}{section*.290}% 286
\BOOKMARK [2][-]{section*.326}{\376\377\000F\000i\000n\000a\000l\000\040\000R\000e\000c\000o\000m\000m\000e\000n\000d\000a\000t\000i\000o\000n\000s}{section*.290}% 287
\BOOKMARK [1][-]{section*.326}{\376\377\000A\000P\000P\000E\000N\000D\000I\000C\000E\000S}{}% 288
\BOOKMARK [1][-]{section*.332}{\376\377\000R\000e\000f\000e\000r\000e\000n\000c\000e\000s}{}% 289
